15:09:19 **** Incremental Build of configuration Debug for project SPI_DRV8301 ****
make -j16 all 
arm-none-eabi-size   SPI_DRV8301.elf 
   text	   data	    bss	    dec	    hex	filename
   7020	     20	   1676	   8716	   220c	SPI_DRV8301.elf
Finished building: default.size.stdout
 
15:09:39 **** Incremental Build of configuration Debug for project SPI_DRV8301 ****
make -j16 all 
arm-none-eabi-size   SPI_DRV8301.elf 
   text	   data	    bss	    dec	    hex	filename
   7020	     20	   1676	   8716	   220c	SPI_DRV8301.elf
Finished building: default.size.stdout
 
15:10:33 **** Incremental Build of configuration Debug for project SPI_DRV8301 ****
make -j16 all 
arm-none-eabi-gcc "../Core/Hardware_Interface/Hardware_Interface.c" -mcpu=cortex-m3 -std=gnu11 -g3 -DUSE_HAL_DRIVER -DSTM32F103x6 -DDEBUG -c -I../Core/Inc -I../Drivers/STM32F1xx_HAL_Driver/Inc -I../Drivers/STM32F1xx_HAL_Driver/Inc/Legacy -I../Drivers/CMSIS/Device/ST/STM32F1xx/Include -I../Drivers/CMSIS/Include -O0 -ffunction-sections -fdata-sections -Wall -fstack-usage -MMD -MP -MF"Core/Hardware_Interface/Hardware_Interface.d" -MT"Core/Hardware_Interface/Hardware_Interface.o" --specs=nano.specs -mfloat-abi=soft -mthumb -o "Core/Hardware_Interface/Hardware_Interface.o"
../Core/Hardware_Interface/Hardware_Interface.c: In function 'SPI_AGHW_Transmit':
../Core/Hardware_Interface/Hardware_Interface.c:23:48: warning: passing argument 1 of 'HAL_SPI_Transmit' from incompatible pointer type [-Wincompatible-pointer-types]
  SPI_AGHW_StatusTypeDef OK = HAL_SPI_Transmit (&hspi, (uint8_t*)&pData,1,HAL_MAX_DELAY );
                                                ^
In file included from ../Core/Inc/stm32f1xx_hal_conf.h:329:0,
                 from ../Drivers/STM32F1xx_HAL_Driver/Inc/stm32f1xx_hal.h:30,
                 from ../Core/Hardware_Interface/Hardware_Interface.h:10,
                 from ../Core/Hardware_Interface/Hardware_Interface.c:8:
../Drivers/STM32F1xx_HAL_Driver/Inc/stm32f1xx_hal_spi.h:671:19: note: expected 'SPI_HandleTypeDef * {aka struct __SPI_HandleTypeDef *}' but argument is of type 'SPI_HandleTypeDef ** {aka struct __SPI_HandleTypeDef **}'
 HAL_StatusTypeDef HAL_SPI_Transmit(SPI_HandleTypeDef *hspi, uint8_t *pData, uint16_t Size, uint32_t Timeout);
                   ^~~~~~~~~~~~~~~~
../Core/Hardware_Interface/Hardware_Interface.c: In function 'SPI_AGHW_Receive':
../Core/Hardware_Interface/Hardware_Interface.c:29:47: warning: passing argument 1 of 'HAL_SPI_Receive' from incompatible pointer type [-Wincompatible-pointer-types]
  SPI_AGHW_StatusTypeDef OK = HAL_SPI_Receive (&hspi, (uint8_t*)&pData,Size,Timeout );
                                               ^
In file included from ../Core/Inc/stm32f1xx_hal_conf.h:329:0,
                 from ../Drivers/STM32F1xx_HAL_Driver/Inc/stm32f1xx_hal.h:30,
                 from ../Core/Hardware_Interface/Hardware_Interface.h:10,
                 from ../Core/Hardware_Interface/Hardware_Interface.c:8:
../Drivers/STM32F1xx_HAL_Driver/Inc/stm32f1xx_hal_spi.h:672:19: note: expected 'SPI_HandleTypeDef * {aka struct __SPI_HandleTypeDef *}' but argument is of type 'SPI_HandleTypeDef ** {aka struct __SPI_HandleTypeDef **}'
 HAL_StatusTypeDef HAL_SPI_Receive(SPI_HandleTypeDef *hspi, uint8_t *pData, uint16_t Size, uint32_t Timeout);
                   ^~~~~~~~~~~~~~~
arm-none-eabi-gcc -o "SPI_DRV8301.elf" @"objects.list"   -mcpu=cortex-m3 -T"C:\Users\MARIO\OneDrive\Desktop\Graduation\SPI\SPI_DRV8301\STM32F103C6TX_FLASH.ld" --specs=nosys.specs -Wl,-Map="SPI_DRV8301.map" -Wl,--gc-sections -static --specs=nano.specs -mfloat-abi=soft -mthumb -Wl,--start-group -lc -lm -Wl,--end-group
Finished building target: SPI_DRV8301.elf
 
arm-none-eabi-objdump -h -S  SPI_DRV8301.elf  > "SPI_DRV8301.list"
arm-none-eabi-objcopy  -O binary  SPI_DRV8301.elf  "SPI_DRV8301.bin"
arm-none-eabi-size   SPI_DRV8301.elf 
   text	   data	    bss	    dec	    hex	filename
   7020	     20	   1676	   8716	   220c	SPI_DRV8301.elf
Finished building: default.size.stdout
 
Finished building: SPI_DRV8301.list
Finished building: SPI_DRV8301.bin
 
 
15:10:56 **** Incremental Build of configuration Debug for project SPI_DRV8301 ****
make -j16 all 
arm-none-eabi-gcc "../Core/Hardware_Interface/Hardware_Interface.c" -mcpu=cortex-m3 -std=gnu11 -g3 -DUSE_HAL_DRIVER -DSTM32F103x6 -DDEBUG -c -I../Core/Inc -I../Drivers/STM32F1xx_HAL_Driver/Inc -I../Drivers/STM32F1xx_HAL_Driver/Inc/Legacy -I../Drivers/CMSIS/Device/ST/STM32F1xx/Include -I../Drivers/CMSIS/Include -O0 -ffunction-sections -fdata-sections -Wall -fstack-usage -MMD -MP -MF"Core/Hardware_Interface/Hardware_Interface.d" -MT"Core/Hardware_Interface/Hardware_Interface.o" --specs=nano.specs -mfloat-abi=soft -mthumb -o "Core/Hardware_Interface/Hardware_Interface.o"
arm-none-eabi-gcc -o "SPI_DRV8301.elf" @"objects.list"   -mcpu=cortex-m3 -T"C:\Users\MARIO\OneDrive\Desktop\Graduation\SPI\SPI_DRV8301\STM32F103C6TX_FLASH.ld" --specs=nosys.specs -Wl,-Map="SPI_DRV8301.map" -Wl,--gc-sections -static --specs=nano.specs -mfloat-abi=soft -mthumb -Wl,--start-group -lc -lm -Wl,--end-group
Finished building target: SPI_DRV8301.elf
 
arm-none-eabi-objdump -h -S  SPI_DRV8301.elf  > "SPI_DRV8301.list"
arm-none-eabi-objcopy  -O binary  SPI_DRV8301.elf  "SPI_DRV8301.bin"
arm-none-eabi-size   SPI_DRV8301.elf 
   text	   data	    bss	    dec	    hex	filename
   7020	     20	   1676	   8716	   220c	SPI_DRV8301.elf
Finished building: default.size.stdout
Finished building: SPI_DRV8301.list
 
Finished building: SPI_DRV8301.bin
 
 
15:11:17 **** Incremental Build of configuration Debug for project SPI_DRV8301 ****
make -j16 all 
arm-none-eabi-gcc "../Core/Hardware_Interface/Hardware_Interface.c" -mcpu=cortex-m3 -std=gnu11 -g3 -DUSE_HAL_DRIVER -DSTM32F103x6 -DDEBUG -c -I../Core/Inc -I../Drivers/STM32F1xx_HAL_Driver/Inc -I../Drivers/STM32F1xx_HAL_Driver/Inc/Legacy -I../Drivers/CMSIS/Device/ST/STM32F1xx/Include -I../Drivers/CMSIS/Include -O0 -ffunction-sections -fdata-sections -Wall -fstack-usage -MMD -MP -MF"Core/Hardware_Interface/Hardware_Interface.d" -MT"Core/Hardware_Interface/Hardware_Interface.o" --specs=nano.specs -mfloat-abi=soft -mthumb -o "Core/Hardware_Interface/Hardware_Interface.o"
arm-none-eabi-gcc -o "SPI_DRV8301.elf" @"objects.list"   -mcpu=cortex-m3 -T"C:\Users\MARIO\OneDrive\Desktop\Graduation\SPI\SPI_DRV8301\STM32F103C6TX_FLASH.ld" --specs=nosys.specs -Wl,-Map="SPI_DRV8301.map" -Wl,--gc-sections -static --specs=nano.specs -mfloat-abi=soft -mthumb -Wl,--start-group -lc -lm -Wl,--end-group
Finished building target: SPI_DRV8301.elf
 
arm-none-eabi-objdump -h -S  SPI_DRV8301.elf  > "SPI_DRV8301.list"
arm-none-eabi-objcopy  -O binary  SPI_DRV8301.elf  "SPI_DRV8301.bin"
arm-none-eabi-size   SPI_DRV8301.elf 
   text	   data	    bss	    dec	    hex	filename
   7020	     20	   1676	   8716	   220c	SPI_DRV8301.elf
Finished building: default.size.stdout
 
Finished building: SPI_DRV8301.list
Finished building: SPI_DRV8301.bin
 
 
15:19:38 **** Incremental Build of configuration Debug for project SPI_DRV8301 ****
make -j16 all 
arm-none-eabi-gcc "../Drivers/Device_Drivers/DRV8301/DRV8301.c" -mcpu=cortex-m3 -std=gnu11 -g3 -DUSE_HAL_DRIVER -DSTM32F103x6 -DDEBUG -c -I../Core/Inc -I../Drivers/STM32F1xx_HAL_Driver/Inc -I../Drivers/STM32F1xx_HAL_Driver/Inc/Legacy -I../Drivers/CMSIS/Device/ST/STM32F1xx/Include -I../Drivers/CMSIS/Include -O0 -ffunction-sections -fdata-sections -Wall -fstack-usage -MMD -MP -MF"Drivers/Device_Drivers/DRV8301/DRV8301.d" -MT"Drivers/Device_Drivers/DRV8301/DRV8301.o" --specs=nano.specs -mfloat-abi=soft -mthumb -o "Drivers/Device_Drivers/DRV8301/DRV8301.o"
arm-none-eabi-gcc "../Core/Hardware_Interface/Hardware_Interface.c" -mcpu=cortex-m3 -std=gnu11 -g3 -DUSE_HAL_DRIVER -DSTM32F103x6 -DDEBUG -c -I../Core/Inc -I../Drivers/STM32F1xx_HAL_Driver/Inc -I../Drivers/STM32F1xx_HAL_Driver/Inc/Legacy -I../Drivers/CMSIS/Device/ST/STM32F1xx/Include -I../Drivers/CMSIS/Include -O0 -ffunction-sections -fdata-sections -Wall -fstack-usage -MMD -MP -MF"Core/Hardware_Interface/Hardware_Interface.d" -MT"Core/Hardware_Interface/Hardware_Interface.o" --specs=nano.specs -mfloat-abi=soft -mthumb -o "Core/Hardware_Interface/Hardware_Interface.o"
In file included from ../Drivers/Device_Drivers/DRV8301/DRV8301.c:8:0:
../Drivers/Device_Drivers/DRV8301/DRV8301.h:13:2: error: unknown type name 'uint16_t'
  uint16_t readData ;
  ^~~~~~~~
../Drivers/Device_Drivers/DRV8301/DRV8301.h:14:2: error: unknown type name 'uint16_t'
  uint16_t writeData;  // Example data to write
  ^~~~~~~~
../Drivers/Device_Drivers/DRV8301/DRV8301.h:15:2: error: unknown type name 'uint16_t'
  uint16_t address;      // Example register address (check DRV8301 datasheet for valid addresses)
  ^~~~~~~~
../Drivers/Device_Drivers/DRV8301/DRV8301.h:19:3: error: expected specifier-qualifier-list before 'uint8_t'
   uint8_t(*SPI_Transmit)(uint16_t Addresse,uint16_t Data);
   ^~~~~~~
../Drivers/Device_Drivers/DRV8301/DRV8301.c:15:20: error: unknown type name 'uint16_t'
 void DRV8301_Write(uint16_t address, uint16_t data)
                    ^~~~~~~~
../Drivers/Device_Drivers/DRV8301/DRV8301.c:15:38: error: unknown type name 'uint16_t'
 void DRV8301_Write(uint16_t address, uint16_t data)
                                      ^~~~~~~~
make: *** [Drivers/Device_Drivers/DRV8301/subdir.mk:18: Drivers/Device_Drivers/DRV8301/DRV8301.o] Error 1
make: *** Waiting for unfinished jobs....
"make -j16 all" terminated with exit code 2. Build might be incomplete.
15:20:52 **** Incremental Build of configuration Debug for project SPI_DRV8301 ****
make -j16 all 
arm-none-eabi-gcc "../Drivers/Device_Drivers/DRV8301/DRV8301.c" -mcpu=cortex-m3 -std=gnu11 -g3 -DUSE_HAL_DRIVER -DSTM32F103x6 -DDEBUG -c -I../Core/Inc -I../Drivers/STM32F1xx_HAL_Driver/Inc -I../Drivers/STM32F1xx_HAL_Driver/Inc/Legacy -I../Drivers/CMSIS/Device/ST/STM32F1xx/Include -I../Drivers/CMSIS/Include -O0 -ffunction-sections -fdata-sections -Wall -fstack-usage -MMD -MP -MF"Drivers/Device_Drivers/DRV8301/DRV8301.d" -MT"Drivers/Device_Drivers/DRV8301/DRV8301.o" --specs=nano.specs -mfloat-abi=soft -mthumb -o "Drivers/Device_Drivers/DRV8301/DRV8301.o"
In file included from ../Drivers/Device_Drivers/DRV8301/DRV8301.c:8:0:
../Drivers/Device_Drivers/DRV8301/DRV8301.h:14:2: error: unknown type name 'uint16_t'
  uint16_t readData ;
  ^~~~~~~~
../Drivers/Device_Drivers/DRV8301/DRV8301.h:15:2: error: unknown type name 'uint16_t'
  uint16_t writeData;  // Example data to write
  ^~~~~~~~
../Drivers/Device_Drivers/DRV8301/DRV8301.h:16:2: error: unknown type name 'uint16_t'
  uint16_t address;      // Example register address (check DRV8301 datasheet for valid addresses)
  ^~~~~~~~
../Drivers/Device_Drivers/DRV8301/DRV8301.h:20:3: error: expected specifier-qualifier-list before 'uint8_t'
   uint8_t(*SPI_Transmit)(uint16_t Addresse,uint16_t Data);
   ^~~~~~~
../Drivers/Device_Drivers/DRV8301/DRV8301.h:31:20: error: unknown type name 'uint16_t'
 void DRV8301_Write(uint16_t address, uint16_t data);
                    ^~~~~~~~
../Drivers/Device_Drivers/DRV8301/DRV8301.h:31:38: error: unknown type name 'uint16_t'
 void DRV8301_Write(uint16_t address, uint16_t data);
                                      ^~~~~~~~
../Drivers/Device_Drivers/DRV8301/DRV8301.c:15:20: error: unknown type name 'uint16_t'
 void DRV8301_Write(uint16_t address, uint16_t data)
                    ^~~~~~~~
../Drivers/Device_Drivers/DRV8301/DRV8301.c:15:38: error: unknown type name 'uint16_t'
 void DRV8301_Write(uint16_t address, uint16_t data)
                                      ^~~~~~~~
make: *** [Drivers/Device_Drivers/DRV8301/subdir.mk:18: Drivers/Device_Drivers/DRV8301/DRV8301.o] Error 1
"make -j16 all" terminated with exit code 2. Build might be incomplete.
15:21:39 **** Incremental Build of configuration Debug for project SPI_DRV8301 ****
make -j16 all 
arm-none-eabi-gcc "../Drivers/Device_Drivers/DRV8301/DRV8301.c" -mcpu=cortex-m3 -std=gnu11 -g3 -DUSE_HAL_DRIVER -DSTM32F103x6 -DDEBUG -c -I../Core/Inc -I../Drivers/STM32F1xx_HAL_Driver/Inc -I../Drivers/STM32F1xx_HAL_Driver/Inc/Legacy -I../Drivers/CMSIS/Device/ST/STM32F1xx/Include -I../Drivers/CMSIS/Include -O0 -ffunction-sections -fdata-sections -Wall -fstack-usage -MMD -MP -MF"Drivers/Device_Drivers/DRV8301/DRV8301.d" -MT"Drivers/Device_Drivers/DRV8301/DRV8301.o" --specs=nano.specs -mfloat-abi=soft -mthumb -o "Drivers/Device_Drivers/DRV8301/DRV8301.o"
In file included from ../Drivers/Device_Drivers/DRV8301/DRV8301.c:8:0:
../Drivers/Device_Drivers/DRV8301/DRV8301.h:14:2: error: unknown type name 'uint16_t'
  uint16_t readData ;
  ^~~~~~~~
../Drivers/Device_Drivers/DRV8301/DRV8301.h:15:2: error: unknown type name 'uint16_t'
  uint16_t writeData;  // Example data to write
  ^~~~~~~~
../Drivers/Device_Drivers/DRV8301/DRV8301.h:16:2: error: unknown type name 'uint16_t'
  uint16_t address;      // Example register address (check DRV8301 datasheet for valid addresses)
  ^~~~~~~~
../Drivers/Device_Drivers/DRV8301/DRV8301.h:17:2: error: unknown type name 'uint16_t'
  uint16_t data;      // Example register address (check DRV8301 datasheet for valid addresses)
  ^~~~~~~~
../Drivers/Device_Drivers/DRV8301/DRV8301.h:20:3: error: expected specifier-qualifier-list before 'uint8_t'
   uint8_t(*SPI_Transmit)(uint16_t Addresse,uint16_t Data);
   ^~~~~~~
../Drivers/Device_Drivers/DRV8301/DRV8301.h:31:20: error: unknown type name 'uint16_t'
 void DRV8301_Write(uint16_t address, uint16_t data);
                    ^~~~~~~~
../Drivers/Device_Drivers/DRV8301/DRV8301.h:31:38: error: unknown type name 'uint16_t'
 void DRV8301_Write(uint16_t address, uint16_t data);
                                      ^~~~~~~~
../Drivers/Device_Drivers/DRV8301/DRV8301.c:15:20: error: unknown type name 'uint16_t'
 void DRV8301_Write(uint16_t address, uint16_t data)
                    ^~~~~~~~
../Drivers/Device_Drivers/DRV8301/DRV8301.c:15:38: error: unknown type name 'uint16_t'
 void DRV8301_Write(uint16_t address, uint16_t data)
                                      ^~~~~~~~
make: *** [Drivers/Device_Drivers/DRV8301/subdir.mk:18: Drivers/Device_Drivers/DRV8301/DRV8301.o] Error 1
"make -j16 all" terminated with exit code 2. Build might be incomplete.
15:22:14 **** Incremental Build of configuration Debug for project SPI_DRV8301 ****
make -j16 all 
arm-none-eabi-gcc "../Drivers/Device_Drivers/DRV8301/DRV8301.c" -mcpu=cortex-m3 -std=gnu11 -g3 -DUSE_HAL_DRIVER -DSTM32F103x6 -DDEBUG -c -I../Core/Inc -I../Drivers/STM32F1xx_HAL_Driver/Inc -I../Drivers/STM32F1xx_HAL_Driver/Inc/Legacy -I../Drivers/CMSIS/Device/ST/STM32F1xx/Include -I../Drivers/CMSIS/Include -O0 -ffunction-sections -fdata-sections -Wall -fstack-usage -MMD -MP -MF"Drivers/Device_Drivers/DRV8301/DRV8301.d" -MT"Drivers/Device_Drivers/DRV8301/DRV8301.o" --specs=nano.specs -mfloat-abi=soft -mthumb -o "Drivers/Device_Drivers/DRV8301/DRV8301.o"
In file included from ../Drivers/Device_Drivers/DRV8301/DRV8301.c:8:0:
../Drivers/Device_Drivers/DRV8301/DRV8301.h:14:2: error: unknown type name 'uint16_t'
  uint16_t readData ;
  ^~~~~~~~
../Drivers/Device_Drivers/DRV8301/DRV8301.h:15:2: error: unknown type name 'uint16_t'
  uint16_t writeData;  // Example data to write
  ^~~~~~~~
../Drivers/Device_Drivers/DRV8301/DRV8301.h:20:3: error: expected specifier-qualifier-list before 'uint8_t'
   uint8_t(*SPI_Transmit)(uint16_t Addresse,uint16_t Data);
   ^~~~~~~
../Drivers/Device_Drivers/DRV8301/DRV8301.h:31:20: error: unknown type name 'uint16_t'
 void DRV8301_Write(uint16_t address, uint16_t data)
                    ^~~~~~~~
../Drivers/Device_Drivers/DRV8301/DRV8301.h:31:38: error: unknown type name 'uint16_t'
 void DRV8301_Write(uint16_t address, uint16_t data)
                                      ^~~~~~~~
../Drivers/Device_Drivers/DRV8301/DRV8301.c:15:20: error: unknown type name 'uint16_t'
 void DRV8301_Write(uint16_t address, uint16_t data)
                    ^~~~~~~~
../Drivers/Device_Drivers/DRV8301/DRV8301.c:15:38: error: unknown type name 'uint16_t'
 void DRV8301_Write(uint16_t address, uint16_t data)
                                      ^~~~~~~~
make: *** [Drivers/Device_Drivers/DRV8301/subdir.mk:18: Drivers/Device_Drivers/DRV8301/DRV8301.o] Error 1
"make -j16 all" terminated with exit code 2. Build might be incomplete.
15:22:47 **** Incremental Build of configuration Debug for project SPI_DRV8301 ****
make -j16 all 
arm-none-eabi-gcc "../Drivers/Device_Drivers/DRV8301/DRV8301.c" -mcpu=cortex-m3 -std=gnu11 -g3 -DUSE_HAL_DRIVER -DSTM32F103x6 -DDEBUG -c -I../Core/Inc -I../Drivers/STM32F1xx_HAL_Driver/Inc -I../Drivers/STM32F1xx_HAL_Driver/Inc/Legacy -I../Drivers/CMSIS/Device/ST/STM32F1xx/Include -I../Drivers/CMSIS/Include -O0 -ffunction-sections -fdata-sections -Wall -fstack-usage -MMD -MP -MF"Drivers/Device_Drivers/DRV8301/DRV8301.d" -MT"Drivers/Device_Drivers/DRV8301/DRV8301.o" --specs=nano.specs -mfloat-abi=soft -mthumb -o "Drivers/Device_Drivers/DRV8301/DRV8301.o"
arm-none-eabi-gcc "../Core/Hardware_Interface/Hardware_Interface.c" -mcpu=cortex-m3 -std=gnu11 -g3 -DUSE_HAL_DRIVER -DSTM32F103x6 -DDEBUG -c -I../Core/Inc -I../Drivers/STM32F1xx_HAL_Driver/Inc -I../Drivers/STM32F1xx_HAL_Driver/Inc/Legacy -I../Drivers/CMSIS/Device/ST/STM32F1xx/Include -I../Drivers/CMSIS/Include -O0 -ffunction-sections -fdata-sections -Wall -fstack-usage -MMD -MP -MF"Core/Hardware_Interface/Hardware_Interface.d" -MT"Core/Hardware_Interface/Hardware_Interface.o" --specs=nano.specs -mfloat-abi=soft -mthumb -o "Core/Hardware_Interface/Hardware_Interface.o"
In file included from ../Drivers/Device_Drivers/DRV8301/DRV8301.c:8:0:
../Drivers/Device_Drivers/DRV8301/DRV8301.h:14:2: error: unknown type name 'uint16_t'
  uint16_t readData ;
  ^~~~~~~~
../Drivers/Device_Drivers/DRV8301/DRV8301.h:15:2: error: unknown type name 'uint16_t'
  uint16_t writeData;  // Example data to write
  ^~~~~~~~
../Drivers/Device_Drivers/DRV8301/DRV8301.h:16:2: error: unknown type name 'uint16_t'
  uint16_t address;      // Example register address (check DRV8301 datasheet for valid addresses)
  ^~~~~~~~
../Drivers/Device_Drivers/DRV8301/DRV8301.h:20:3: error: expected specifier-qualifier-list before 'uint8_t'
   uint8_t(*SPI_Transmit)(uint16_t Addresse,uint16_t Data);
   ^~~~~~~
../Drivers/Device_Drivers/DRV8301/DRV8301.h:31:20: error: unknown type name 'uint16_t'
 void DRV8301_Write(uint16_t address, uint16_t data)
                    ^~~~~~~~
../Drivers/Device_Drivers/DRV8301/DRV8301.h:31:38: error: unknown type name 'uint16_t'
 void DRV8301_Write(uint16_t address, uint16_t data)
                                      ^~~~~~~~
../Drivers/Device_Drivers/DRV8301/DRV8301.c:15:20: error: unknown type name 'uint16_t'
 void DRV8301_Write(uint16_t address, uint16_t data)
                    ^~~~~~~~
../Drivers/Device_Drivers/DRV8301/DRV8301.c:15:38: error: unknown type name 'uint16_t'
 void DRV8301_Write(uint16_t address, uint16_t data)
                                      ^~~~~~~~
make: *** [Drivers/Device_Drivers/DRV8301/subdir.mk:18: Drivers/Device_Drivers/DRV8301/DRV8301.o] Error 1
make: *** Waiting for unfinished jobs....
"make -j16 all" terminated with exit code 2. Build might be incomplete.
15:22:54 **** Incremental Build of configuration Debug for project SPI_DRV8301 ****
make -j16 all 
arm-none-eabi-gcc "../Drivers/Device_Drivers/DRV8301/DRV8301.c" -mcpu=cortex-m3 -std=gnu11 -g3 -DUSE_HAL_DRIVER -DSTM32F103x6 -DDEBUG -c -I../Core/Inc -I../Drivers/STM32F1xx_HAL_Driver/Inc -I../Drivers/STM32F1xx_HAL_Driver/Inc/Legacy -I../Drivers/CMSIS/Device/ST/STM32F1xx/Include -I../Drivers/CMSIS/Include -O0 -ffunction-sections -fdata-sections -Wall -fstack-usage -MMD -MP -MF"Drivers/Device_Drivers/DRV8301/DRV8301.d" -MT"Drivers/Device_Drivers/DRV8301/DRV8301.o" --specs=nano.specs -mfloat-abi=soft -mthumb -o "Drivers/Device_Drivers/DRV8301/DRV8301.o"
In file included from ../Drivers/Device_Drivers/DRV8301/DRV8301.c:8:0:
../Drivers/Device_Drivers/DRV8301/DRV8301.h:14:2: error: unknown type name 'uint16_t'
  uint16_t readData ;
  ^~~~~~~~
../Drivers/Device_Drivers/DRV8301/DRV8301.h:15:2: error: unknown type name 'uint16_t'
  uint16_t writeData;  // Example data to write
  ^~~~~~~~
../Drivers/Device_Drivers/DRV8301/DRV8301.h:16:2: error: unknown type name 'uint16_t'
  uint16_t address;      // Example register address (check DRV8301 datasheet for valid addresses)
  ^~~~~~~~
../Drivers/Device_Drivers/DRV8301/DRV8301.h:20:3: error: expected specifier-qualifier-list before 'uint8_t'
   uint8_t(*SPI_Transmit)(uint16_t Addresse,uint16_t Data);
   ^~~~~~~
../Drivers/Device_Drivers/DRV8301/DRV8301.h:31:20: error: unknown type name 'uint16_t'
 void DRV8301_Write(uint16_t address, uint16_t data);
                    ^~~~~~~~
../Drivers/Device_Drivers/DRV8301/DRV8301.h:31:38: error: unknown type name 'uint16_t'
 void DRV8301_Write(uint16_t address, uint16_t data);
                                      ^~~~~~~~
../Drivers/Device_Drivers/DRV8301/DRV8301.c:15:20: error: unknown type name 'uint16_t'
 void DRV8301_Write(uint16_t address, uint16_t data)
                    ^~~~~~~~
../Drivers/Device_Drivers/DRV8301/DRV8301.c:15:38: error: unknown type name 'uint16_t'
 void DRV8301_Write(uint16_t address, uint16_t data)
                                      ^~~~~~~~
make: *** [Drivers/Device_Drivers/DRV8301/subdir.mk:18: Drivers/Device_Drivers/DRV8301/DRV8301.o] Error 1
"make -j16 all" terminated with exit code 2. Build might be incomplete.
15:23:41 **** Incremental Build of configuration Debug for project SPI_DRV8301 ****
make -j16 all 
arm-none-eabi-gcc "../Drivers/Device_Drivers/DRV8301/DRV8301.c" -mcpu=cortex-m3 -std=gnu11 -g3 -DUSE_HAL_DRIVER -DSTM32F103x6 -DDEBUG -c -I../Core/Inc -I../Drivers/STM32F1xx_HAL_Driver/Inc -I../Drivers/STM32F1xx_HAL_Driver/Inc/Legacy -I../Drivers/CMSIS/Device/ST/STM32F1xx/Include -I../Drivers/CMSIS/Include -O0 -ffunction-sections -fdata-sections -Wall -fstack-usage -MMD -MP -MF"Drivers/Device_Drivers/DRV8301/DRV8301.d" -MT"Drivers/Device_Drivers/DRV8301/DRV8301.o" --specs=nano.specs -mfloat-abi=soft -mthumb -o "Drivers/Device_Drivers/DRV8301/DRV8301.o"
In file included from ../Drivers/Device_Drivers/DRV8301/DRV8301.c:8:0:
../Drivers/Device_Drivers/DRV8301/DRV8301.h:15:2: error: unknown type name 'uint16_t'
  uint16_t writeData;  // Example data to write
  ^~~~~~~~
../Drivers/Device_Drivers/DRV8301/DRV8301.h:16:2: error: unknown type name 'uint16_t'
  uint16_t address;      // Example register address (check DRV8301 datasheet for valid addresses)
  ^~~~~~~~
../Drivers/Device_Drivers/DRV8301/DRV8301.h:20:3: error: expected specifier-qualifier-list before 'uint8_t'
   uint8_t(*SPI_Transmit)(uint16_t Addresse,uint16_t Data);
   ^~~~~~~
../Drivers/Device_Drivers/DRV8301/DRV8301.h:31:20: error: unknown type name 'uint16_t'
 void DRV8301_Write(uint16_t address, uint16_t data);
                    ^~~~~~~~
../Drivers/Device_Drivers/DRV8301/DRV8301.h:31:38: error: unknown type name 'uint16_t'
 void DRV8301_Write(uint16_t address, uint16_t data);
                                      ^~~~~~~~
../Drivers/Device_Drivers/DRV8301/DRV8301.c:15:20: error: unknown type name 'uint16_t'
 void DRV8301_Write(uint16_t address, uint16_t data)
                    ^~~~~~~~
../Drivers/Device_Drivers/DRV8301/DRV8301.c:15:38: error: unknown type name 'uint16_t'
 void DRV8301_Write(uint16_t address, uint16_t data)
                                      ^~~~~~~~
make: *** [Drivers/Device_Drivers/DRV8301/subdir.mk:18: Drivers/Device_Drivers/DRV8301/DRV8301.o] Error 1
"make -j16 all" terminated with exit code 2. Build might be incomplete.
15:24:09 **** Incremental Build of configuration Debug for project SPI_DRV8301 ****
make -j16 all 
arm-none-eabi-gcc "../Drivers/Device_Drivers/DRV8301/DRV8301.c" -mcpu=cortex-m3 -std=gnu11 -g3 -DUSE_HAL_DRIVER -DSTM32F103x6 -DDEBUG -c -I../Core/Inc -I../Drivers/STM32F1xx_HAL_Driver/Inc -I../Drivers/STM32F1xx_HAL_Driver/Inc/Legacy -I../Drivers/CMSIS/Device/ST/STM32F1xx/Include -I../Drivers/CMSIS/Include -O0 -ffunction-sections -fdata-sections -Wall -fstack-usage -MMD -MP -MF"Drivers/Device_Drivers/DRV8301/DRV8301.d" -MT"Drivers/Device_Drivers/DRV8301/DRV8301.o" --specs=nano.specs -mfloat-abi=soft -mthumb -o "Drivers/Device_Drivers/DRV8301/DRV8301.o"
../Drivers/Device_Drivers/DRV8301/DRV8301.c: In function 'DRV8301_Write':
../Drivers/Device_Drivers/DRV8301/DRV8301.c:16:1: error: expected '=', ',', ';', 'asm' or '__attribute__' before '{' token
 {
 ^
In file included from ../Drivers/Device_Drivers/DRV8301/DRV8301.c:8:0:
../Drivers/Device_Drivers/DRV8301/DRV8301.h:32:6: error: old-style parameter declarations in prototyped function definition
 void DRV8301_Write(uint16_t address, uint16_t data)
      ^~~~~~~~~~~~~
../Drivers/Device_Drivers/DRV8301/DRV8301.c:30:1: error: expected '{' at end of input
 }
 ^
make: *** [Drivers/Device_Drivers/DRV8301/subdir.mk:18: Drivers/Device_Drivers/DRV8301/DRV8301.o] Error 1
"make -j16 all" terminated with exit code 2. Build might be incomplete.
15:24:16 **** Incremental Build of configuration Debug for project SPI_DRV8301 ****
make -j16 all 
arm-none-eabi-gcc "../Drivers/Device_Drivers/DRV8301/DRV8301.c" -mcpu=cortex-m3 -std=gnu11 -g3 -DUSE_HAL_DRIVER -DSTM32F103x6 -DDEBUG -c -I../Core/Inc -I../Drivers/STM32F1xx_HAL_Driver/Inc -I../Drivers/STM32F1xx_HAL_Driver/Inc/Legacy -I../Drivers/CMSIS/Device/ST/STM32F1xx/Include -I../Drivers/CMSIS/Include -O0 -ffunction-sections -fdata-sections -Wall -fstack-usage -MMD -MP -MF"Drivers/Device_Drivers/DRV8301/DRV8301.d" -MT"Drivers/Device_Drivers/DRV8301/DRV8301.o" --specs=nano.specs -mfloat-abi=soft -mthumb -o "Drivers/Device_Drivers/DRV8301/DRV8301.o"
../Drivers/Device_Drivers/DRV8301/DRV8301.c: In function 'DRV8301_Write':
../Drivers/Device_Drivers/DRV8301/DRV8301.c:23:47: error: 'GPIOA' undeclared (first use in this function)
  DRV. Agonistic_HardwareInterface_t.PIN_Write(GPIOA, GPIO_PIN_4, GPIO_PIN_RESET);//to start SPI TRANSMIT
                                               ^~~~~
../Drivers/Device_Drivers/DRV8301/DRV8301.c:23:47: note: each undeclared identifier is reported only once for each function it appears in
../Drivers/Device_Drivers/DRV8301/DRV8301.c:23:54: error: 'GPIO_PIN_4' undeclared (first use in this function)
  DRV. Agonistic_HardwareInterface_t.PIN_Write(GPIOA, GPIO_PIN_4, GPIO_PIN_RESET);//to start SPI TRANSMIT
                                                      ^~~~~~~~~~
../Drivers/Device_Drivers/DRV8301/DRV8301.c:23:66: error: 'GPIO_PIN_RESET' undeclared (first use in this function); did you mean 'GPIO_PIN_4'?
  DRV. Agonistic_HardwareInterface_t.PIN_Write(GPIOA, GPIO_PIN_4, GPIO_PIN_RESET);//to start SPI TRANSMIT
                                                                  ^~~~~~~~~~~~~~
                                                                  GPIO_PIN_4
../Drivers/Device_Drivers/DRV8301/DRV8301.c:23:2: error: too many arguments to function 'DRV.Agonistic_HardwareInterface_t.PIN_Write'
  DRV. Agonistic_HardwareInterface_t.PIN_Write(GPIOA, GPIO_PIN_4, GPIO_PIN_RESET);//to start SPI TRANSMIT
  ^~~
../Drivers/Device_Drivers/DRV8301/DRV8301.c:26:2: warning: implicit declaration of function 'HAL_SPI_Transmit' [-Wimplicit-function-declaration]
  HAL_SPI_Transmit(&hspi1, (uint8_t *)&txData, 1, HAL_MAX_DELAY);
  ^~~~~~~~~~~~~~~~
../Drivers/Device_Drivers/DRV8301/DRV8301.c:26:20: error: 'hspi1' undeclared (first use in this function)
  HAL_SPI_Transmit(&hspi1, (uint8_t *)&txData, 1, HAL_MAX_DELAY);
                    ^~~~~
../Drivers/Device_Drivers/DRV8301/DRV8301.c:26:50: error: 'HAL_MAX_DELAY' undeclared (first use in this function)
  HAL_SPI_Transmit(&hspi1, (uint8_t *)&txData, 1, HAL_MAX_DELAY);
                                                  ^~~~~~~~~~~~~
../Drivers/Device_Drivers/DRV8301/DRV8301.c:29:2: warning: implicit declaration of function 'HAL_GPIO_WritePin' [-Wimplicit-function-declaration]
  HAL_GPIO_WritePin(GPIOA, GPIO_PIN_4, GPIO_PIN_SET);//to STOP SPI TRANSMIT
  ^~~~~~~~~~~~~~~~~
../Drivers/Device_Drivers/DRV8301/DRV8301.c:29:39: error: 'GPIO_PIN_SET' undeclared (first use in this function); did you mean 'GPIO_PIN_RESET'?
  HAL_GPIO_WritePin(GPIOA, GPIO_PIN_4, GPIO_PIN_SET);//to STOP SPI TRANSMIT
                                       ^~~~~~~~~~~~
                                       GPIO_PIN_RESET
make: *** [Drivers/Device_Drivers/DRV8301/subdir.mk:18: Drivers/Device_Drivers/DRV8301/DRV8301.o] Error 1
"make -j16 all" terminated with exit code 2. Build might be incomplete.
15:31:44 **** Incremental Build of configuration Debug for project SPI_DRV8301 ****
make -j16 all 
arm-none-eabi-gcc "../Drivers/Device_Drivers/DRV8301/DRV8301.c" -mcpu=cortex-m3 -std=gnu11 -g3 -DUSE_HAL_DRIVER -DSTM32F103x6 -DDEBUG -c -I../Core/Inc -I../Drivers/STM32F1xx_HAL_Driver/Inc -I../Drivers/STM32F1xx_HAL_Driver/Inc/Legacy -I../Drivers/CMSIS/Device/ST/STM32F1xx/Include -I../Drivers/CMSIS/Include -O0 -ffunction-sections -fdata-sections -Wall -fstack-usage -MMD -MP -MF"Drivers/Device_Drivers/DRV8301/DRV8301.d" -MT"Drivers/Device_Drivers/DRV8301/DRV8301.o" --specs=nano.specs -mfloat-abi=soft -mthumb -o "Drivers/Device_Drivers/DRV8301/DRV8301.o"
../Drivers/Device_Drivers/DRV8301/DRV8301.c: In function 'DRV8301_Write':
../Drivers/Device_Drivers/DRV8301/DRV8301.c:17:11: warning: unused variable 'txData' [-Wunused-variable]
  uint16_t txData = ((address & 0x7F) << 11) | (data & 0x07FF);  // Address and data combined (write command)
           ^~~~~~
arm-none-eabi-gcc -o "SPI_DRV8301.elf" @"objects.list"   -mcpu=cortex-m3 -T"C:\Users\MARIO\OneDrive\Desktop\Graduation\SPI\SPI_DRV8301\STM32F103C6TX_FLASH.ld" --specs=nosys.specs -Wl,-Map="SPI_DRV8301.map" -Wl,--gc-sections -static --specs=nano.specs -mfloat-abi=soft -mthumb -Wl,--start-group -lc -lm -Wl,--end-group
Drivers/Device_Drivers/DRV8301/DRV8301.o: In function `DRV8301_Write':
C:/Users/MARIO/OneDrive/Desktop/Graduation/SPI/SPI_DRV8301/Debug/../Drivers/Device_Drivers/DRV8301/DRV8301.c:16: multiple definition of `DRV8301_Write'
Core/Src/main.o:C:/Users/MARIO/OneDrive/Desktop/Graduation/SPI/SPI_DRV8301/Debug/../Core/Src/main.c:87: first defined here
collect2.exe: error: ld returned 1 exit status
make: *** [makefile:52: SPI_DRV8301.elf] Error 1
"make -j16 all" terminated with exit code 2. Build might be incomplete.
15:33:52 **** Incremental Build of configuration Debug for project SPI_DRV8301 ****
make -j16 all 
arm-none-eabi-gcc "../Drivers/Device_Drivers/DRV8301/DRV8301.c" -mcpu=cortex-m3 -std=gnu11 -g3 -DUSE_HAL_DRIVER -DSTM32F103x6 -DDEBUG -c -I../Core/Inc -I../Drivers/STM32F1xx_HAL_Driver/Inc -I../Drivers/STM32F1xx_HAL_Driver/Inc/Legacy -I../Drivers/CMSIS/Device/ST/STM32F1xx/Include -I../Drivers/CMSIS/Include -O0 -ffunction-sections -fdata-sections -Wall -fstack-usage -MMD -MP -MF"Drivers/Device_Drivers/DRV8301/DRV8301.d" -MT"Drivers/Device_Drivers/DRV8301/DRV8301.o" --specs=nano.specs -mfloat-abi=soft -mthumb -o "Drivers/Device_Drivers/DRV8301/DRV8301.o"
../Drivers/Device_Drivers/DRV8301/DRV8301.c: In function 'DRV8301_Write':
../Drivers/Device_Drivers/DRV8301/DRV8301.c:33:63: error: 'SPI_AGHW_Transmit' undeclared (first use in this function)
  DRV.Agonistic_HardwareInterface_t.SPI_Transmit(address,data)=SPI_AGHW_Transmit;
                                                               ^~~~~~~~~~~~~~~~~
../Drivers/Device_Drivers/DRV8301/DRV8301.c:33:63: note: each undeclared identifier is reported only once for each function it appears in
../Drivers/Device_Drivers/DRV8301/DRV8301.c:17:11: warning: unused variable 'txData' [-Wunused-variable]
  uint16_t txData = ((address & 0x7F) << 11) | (data & 0x07FF);  // Address and data combined (write command)
           ^~~~~~
make: *** [Drivers/Device_Drivers/DRV8301/subdir.mk:18: Drivers/Device_Drivers/DRV8301/DRV8301.o] Error 1
"make -j16 all" terminated with exit code 2. Build might be incomplete.
15:34:04 **** Incremental Build of configuration Debug for project SPI_DRV8301 ****
make -j16 all 
arm-none-eabi-gcc "../Drivers/Device_Drivers/DRV8301/DRV8301.c" -mcpu=cortex-m3 -std=gnu11 -g3 -DUSE_HAL_DRIVER -DSTM32F103x6 -DDEBUG -c -I../Core/Inc -I../Drivers/STM32F1xx_HAL_Driver/Inc -I../Drivers/STM32F1xx_HAL_Driver/Inc/Legacy -I../Drivers/CMSIS/Device/ST/STM32F1xx/Include -I../Drivers/CMSIS/Include -O0 -ffunction-sections -fdata-sections -Wall -fstack-usage -MMD -MP -MF"Drivers/Device_Drivers/DRV8301/DRV8301.d" -MT"Drivers/Device_Drivers/DRV8301/DRV8301.o" --specs=nano.specs -mfloat-abi=soft -mthumb -o "Drivers/Device_Drivers/DRV8301/DRV8301.o"
../Drivers/Device_Drivers/DRV8301/DRV8301.c: In function 'DRV8301_Write':
../Drivers/Device_Drivers/DRV8301/DRV8301.c:33:63: error: expected expression before ';' token
  DRV.Agonistic_HardwareInterface_t.SPI_Transmit(address,data)=;
                                                               ^
../Drivers/Device_Drivers/DRV8301/DRV8301.c:17:11: warning: unused variable 'txData' [-Wunused-variable]
  uint16_t txData = ((address & 0x7F) << 11) | (data & 0x07FF);  // Address and data combined (write command)
           ^~~~~~
make: *** [Drivers/Device_Drivers/DRV8301/subdir.mk:18: Drivers/Device_Drivers/DRV8301/DRV8301.o] Error 1
"make -j16 all" terminated with exit code 2. Build might be incomplete.
15:35:32 **** Incremental Build of configuration Debug for project SPI_DRV8301 ****
make -j16 all 
arm-none-eabi-gcc "../Drivers/Device_Drivers/DRV8301/DRV8301.c" -mcpu=cortex-m3 -std=gnu11 -g3 -DUSE_HAL_DRIVER -DSTM32F103x6 -DDEBUG -c -I../Core/Inc -I../Drivers/STM32F1xx_HAL_Driver/Inc -I../Drivers/STM32F1xx_HAL_Driver/Inc/Legacy -I../Drivers/CMSIS/Device/ST/STM32F1xx/Include -I../Drivers/CMSIS/Include -O0 -ffunction-sections -fdata-sections -Wall -fstack-usage -MMD -MP -MF"Drivers/Device_Drivers/DRV8301/DRV8301.d" -MT"Drivers/Device_Drivers/DRV8301/DRV8301.o" --specs=nano.specs -mfloat-abi=soft -mthumb -o "Drivers/Device_Drivers/DRV8301/DRV8301.o"
arm-none-eabi-gcc -o "SPI_DRV8301.elf" @"objects.list"   -mcpu=cortex-m3 -T"C:\Users\MARIO\OneDrive\Desktop\Graduation\SPI\SPI_DRV8301\STM32F103C6TX_FLASH.ld" --specs=nosys.specs -Wl,-Map="SPI_DRV8301.map" -Wl,--gc-sections -static --specs=nano.specs -mfloat-abi=soft -mthumb -Wl,--start-group -lc -lm -Wl,--end-group
Finished building target: SPI_DRV8301.elf
 
arm-none-eabi-objdump -h -S  SPI_DRV8301.elf  > "SPI_DRV8301.list"
arm-none-eabi-objcopy  -O binary  SPI_DRV8301.elf  "SPI_DRV8301.bin"
arm-none-eabi-size   SPI_DRV8301.elf 
   text	   data	    bss	    dec	    hex	filename
   7020	     20	   1676	   8716	   220c	SPI_DRV8301.elf
Finished building: default.size.stdout
 
Finished building: SPI_DRV8301.list
Finished building: SPI_DRV8301.bin
 
 
15:41:25 **** Incremental Build of configuration Debug for project SPI_DRV8301 ****
make -j16 all 
arm-none-eabi-gcc "../Core/Hardware_Interface/Hardware_Interface.c" -mcpu=cortex-m3 -std=gnu11 -g3 -DUSE_HAL_DRIVER -DSTM32F103x6 -DDEBUG -c -I../Core/Inc -I../Drivers/STM32F1xx_HAL_Driver/Inc -I../Drivers/STM32F1xx_HAL_Driver/Inc/Legacy -I../Drivers/CMSIS/Device/ST/STM32F1xx/Include -I../Drivers/CMSIS/Include -O0 -ffunction-sections -fdata-sections -Wall -fstack-usage -MMD -MP -MF"Core/Hardware_Interface/Hardware_Interface.d" -MT"Core/Hardware_Interface/Hardware_Interface.o" --specs=nano.specs -mfloat-abi=soft -mthumb -o "Core/Hardware_Interface/Hardware_Interface.o"
../Core/Hardware_Interface/Hardware_Interface.c: In function 'SPI_AGHW_Transmit':
../Core/Hardware_Interface/Hardware_Interface.c:16:49: error: 'hspi1' undeclared (first use in this function); did you mean 'hspi'?
  SPI_AGHW_StatusTypeDef OK = HAL_SPI_Transmit (&hspi1, (uint8_t*)&pData,1,HAL_MAX_DELAY );
                                                 ^~~~~
                                                 hspi
../Core/Hardware_Interface/Hardware_Interface.c:16:49: note: each undeclared identifier is reported only once for each function it appears in
../Core/Hardware_Interface/Hardware_Interface.c: In function 'SPI_AGHW_Receive':
../Core/Hardware_Interface/Hardware_Interface.c:22:48: error: 'hspi1' undeclared (first use in this function); did you mean 'hspi'?
  SPI_AGHW_StatusTypeDef OK = HAL_SPI_Receive (&hspi1, (uint8_t*)&pData,Size,Timeout );
                                                ^~~~~
                                                hspi
../Core/Hardware_Interface/Hardware_Interface.c: In function 'SPI_AGHW_TransmitReceive':
../Core/Hardware_Interface/Hardware_Interface.c:29:56: error: 'hspi1' undeclared (first use in this function); did you mean 'hspi'?
  SPI_AGHW_StatusTypeDef OK = HAL_SPI_TransmitReceive (&hspi1, (uint8_t *)&pTxData, (uint8_t *)&pRxData, Size, Timeout);
                                                        ^~~~~
                                                        hspi
make: *** [Core/Hardware_Interface/subdir.mk:18: Core/Hardware_Interface/Hardware_Interface.o] Error 1
"make -j16 all" terminated with exit code 2. Build might be incomplete.
15:43:42 **** Incremental Build of configuration Debug for project SPI_DRV8301 ****
make -j16 all 
arm-none-eabi-gcc "../Core/Hardware_Interface/Hardware_Interface.c" -mcpu=cortex-m3 -std=gnu11 -g3 -DUSE_HAL_DRIVER -DSTM32F103x6 -DDEBUG -c -I../Core/Inc -I../Drivers/STM32F1xx_HAL_Driver/Inc -I../Drivers/STM32F1xx_HAL_Driver/Inc/Legacy -I../Drivers/CMSIS/Device/ST/STM32F1xx/Include -I../Drivers/CMSIS/Include -O0 -ffunction-sections -fdata-sections -Wall -fstack-usage -MMD -MP -MF"Core/Hardware_Interface/Hardware_Interface.d" -MT"Core/Hardware_Interface/Hardware_Interface.o" --specs=nano.specs -mfloat-abi=soft -mthumb -o "Core/Hardware_Interface/Hardware_Interface.o"
arm-none-eabi-gcc -o "SPI_DRV8301.elf" @"objects.list"   -mcpu=cortex-m3 -T"C:\Users\MARIO\OneDrive\Desktop\Graduation\SPI\SPI_DRV8301\STM32F103C6TX_FLASH.ld" --specs=nosys.specs -Wl,-Map="SPI_DRV8301.map" -Wl,--gc-sections -static --specs=nano.specs -mfloat-abi=soft -mthumb -Wl,--start-group -lc -lm -Wl,--end-group
Finished building target: SPI_DRV8301.elf
 
arm-none-eabi-objdump -h -S  SPI_DRV8301.elf  > "SPI_DRV8301.list"
arm-none-eabi-objcopy  -O binary  SPI_DRV8301.elf  "SPI_DRV8301.bin"
arm-none-eabi-size   SPI_DRV8301.elf 
   text	   data	    bss	    dec	    hex	filename
   7020	     20	   1676	   8716	   220c	SPI_DRV8301.elf
Finished building: default.size.stdout
 
Finished building: SPI_DRV8301.list
Finished building: SPI_DRV8301.bin
 
 
15:44:04 **** Incremental Build of configuration Debug for project SPI_DRV8301 ****
make -j16 all 
arm-none-eabi-size   SPI_DRV8301.elf 
   text	   data	    bss	    dec	    hex	filename
   7020	     20	   1676	   8716	   220c	SPI_DRV8301.elf
Finished building: default.size.stdout
 
19:20:02 **** Incremental Build of configuration Debug for project SPI_DRV8301 ****
make -j16 all 
arm-none-eabi-gcc "../Core/Hardware_Interface/Hardware_Interface.c" -mcpu=cortex-m3 -std=gnu11 -g3 -DUSE_HAL_DRIVER -DSTM32F103x6 -DDEBUG -c -I../Core/Inc -I../Drivers/STM32F1xx_HAL_Driver/Inc -I../Drivers/STM32F1xx_HAL_Driver/Inc/Legacy -I../Drivers/CMSIS/Device/ST/STM32F1xx/Include -I../Drivers/CMSIS/Include -O0 -ffunction-sections -fdata-sections -Wall -fstack-usage -MMD -MP -MF"Core/Hardware_Interface/Hardware_Interface.d" -MT"Core/Hardware_Interface/Hardware_Interface.o" --specs=nano.specs -mfloat-abi=soft -mthumb -o "Core/Hardware_Interface/Hardware_Interface.o"
arm-none-eabi-gcc -o "SPI_DRV8301.elf" @"objects.list"   -mcpu=cortex-m3 -T"C:\Users\MARIO\OneDrive\Desktop\Graduation\SPI\SPI_DRV8301\STM32F103C6TX_FLASH.ld" --specs=nosys.specs -Wl,-Map="SPI_DRV8301.map" -Wl,--gc-sections -static --specs=nano.specs -mfloat-abi=soft -mthumb -Wl,--start-group -lc -lm -Wl,--end-group
Finished building target: SPI_DRV8301.elf
 
arm-none-eabi-objdump -h -S  SPI_DRV8301.elf  > "SPI_DRV8301.list"
arm-none-eabi-objcopy  -O binary  SPI_DRV8301.elf  "SPI_DRV8301.bin"
arm-none-eabi-size   SPI_DRV8301.elf 
   text	   data	    bss	    dec	    hex	filename
   7020	     20	   1676	   8716	   220c	SPI_DRV8301.elf
Finished building: default.size.stdout
 
Finished building: SPI_DRV8301.list
Finished building: SPI_DRV8301.bin
 
 
19:46:28 **** Incremental Build of configuration Debug for project SPI_DRV8301 ****
make -j16 all 
arm-none-eabi-gcc "../Core/Src/main.c" -mcpu=cortex-m3 -std=gnu11 -g3 -DUSE_HAL_DRIVER -DSTM32F103x6 -DDEBUG -c -I../Core/Inc -I../Drivers/STM32F1xx_HAL_Driver/Inc -I../Drivers/STM32F1xx_HAL_Driver/Inc/Legacy -I../Drivers/CMSIS/Device/ST/STM32F1xx/Include -I../Drivers/CMSIS/Include -O0 -ffunction-sections -fdata-sections -Wall -fstack-usage -MMD -MP -MF"Core/Src/main.d" -MT"Core/Src/main.o" --specs=nano.specs -mfloat-abi=soft -mthumb -o "Core/Src/main.o"
arm-none-eabi-gcc "../Core/Hardware_Interface/Hardware_Interface.c" -mcpu=cortex-m3 -std=gnu11 -g3 -DUSE_HAL_DRIVER -DSTM32F103x6 -DDEBUG -c -I../Core/Inc -I../Drivers/STM32F1xx_HAL_Driver/Inc -I../Drivers/STM32F1xx_HAL_Driver/Inc/Legacy -I../Drivers/CMSIS/Device/ST/STM32F1xx/Include -I../Drivers/CMSIS/Include -O0 -ffunction-sections -fdata-sections -Wall -fstack-usage -MMD -MP -MF"Core/Hardware_Interface/Hardware_Interface.d" -MT"Core/Hardware_Interface/Hardware_Interface.o" --specs=nano.specs -mfloat-abi=soft -mthumb -o "Core/Hardware_Interface/Hardware_Interface.o"
../Core/Hardware_Interface/Hardware_Interface.c:14:24: error: conflicting types for 'SPI_AGHW_Transmit'
 SPI_AGHW_StatusTypeDef SPI_AGHW_Transmit(uint16_t *pData, uint16_t Size, uint32_t Timeout) {
                        ^~~~~~~~~~~~~~~~~
In file included from ../Core/Hardware_Interface/Hardware_Interface.c:8:0:
../Core/Hardware_Interface/hardware_interface.h:24:24: note: previous declaration of 'SPI_AGHW_Transmit' was here
 SPI_AGHW_StatusTypeDef SPI_AGHW_Transmit(SPI_HandleTypeDef *hspi, uint16_t *pData, uint16_t Size, uint32_t Timeout);
                        ^~~~~~~~~~~~~~~~~
../Core/Src/main.c: In function 'main':
../Core/Hardware_Interface/Hardware_Interface.c: In function 'SPI_AGHW_Transmit':
../Core/Hardware_Interface/Hardware_Interface.c:15:26: error: 'hspi' undeclared (first use in this function); did you mean 'hspi1'?
     if (HAL_SPI_Transmit(hspi, (uint8_t *)pData, Size, Timeout) == HAL_OK) {
                          ^~~~
                          hspi1
../Core/Src/main.c:30:11: warning: variable 'readData' set but not used [-Wunused-but-set-variable]
  uint16_t readData = 0;
           ^~~~~~~~
../Core/Hardware_Interface/Hardware_Interface.c:15:26: note: each undeclared identifier is reported only once for each function it appears in
../Core/Hardware_Interface/Hardware_Interface.c: At top level:
../Core/Hardware_Interface/Hardware_Interface.c:23:24: error: conflicting types for 'SPI_AGHW_Receive'
 SPI_AGHW_StatusTypeDef SPI_AGHW_Receive( uint16_t *pData, uint16_t Size, uint32_t Timeout) {
                        ^~~~~~~~~~~~~~~~
In file included from ../Core/Hardware_Interface/Hardware_Interface.c:8:0:
../Core/Hardware_Interface/hardware_interface.h:25:24: note: previous declaration of 'SPI_AGHW_Receive' was here
 SPI_AGHW_StatusTypeDef SPI_AGHW_Receive(SPI_HandleTypeDef *hspi, uint16_t *pData, uint16_t Size, uint32_t Timeout);
                        ^~~~~~~~~~~~~~~~
../Core/Hardware_Interface/Hardware_Interface.c: In function 'SPI_AGHW_Receive':
../Core/Hardware_Interface/Hardware_Interface.c:24:25: error: 'hspi' undeclared (first use in this function); did you mean 'hspi1'?
     if (HAL_SPI_Receive(hspi, (uint8_t *)pData, Size, Timeout) == HAL_OK) {
                         ^~~~
                         hspi1
../Core/Hardware_Interface/Hardware_Interface.c: At top level:
../Core/Hardware_Interface/Hardware_Interface.c:32:24: error: conflicting types for 'SPI_AGHW_TransmitReceive'
 SPI_AGHW_StatusTypeDef SPI_AGHW_TransmitReceive( uint16_t *pTxData, uint16_t *pRxData, uint16_t Size, uint32_t Timeout) {
                        ^~~~~~~~~~~~~~~~~~~~~~~~
In file included from ../Core/Hardware_Interface/Hardware_Interface.c:8:0:
../Core/Hardware_Interface/hardware_interface.h:26:24: note: previous declaration of 'SPI_AGHW_TransmitReceive' was here
 SPI_AGHW_StatusTypeDef SPI_AGHW_TransmitReceive(SPI_HandleTypeDef *hspi, uint16_t *pTxData, uint16_t *pRxData, uint16_t Size, uint32_t Timeout);
                        ^~~~~~~~~~~~~~~~~~~~~~~~
../Core/Hardware_Interface/Hardware_Interface.c: In function 'SPI_AGHW_TransmitReceive':
../Core/Hardware_Interface/Hardware_Interface.c:33:33: error: 'hspi' undeclared (first use in this function); did you mean 'hspi1'?
     if (HAL_SPI_TransmitReceive(hspi, (uint8_t *)pTxData, (uint8_t *)pRxData, Size, Timeout) == HAL_OK) {
                                 ^~~~
                                 hspi1
../Core/Hardware_Interface/Hardware_Interface.c: In function 'SPI_AGHW_Transmit':
../Core/Hardware_Interface/Hardware_Interface.c:20:1: warning: control reaches end of non-void function [-Wreturn-type]
 }
 ^
../Core/Hardware_Interface/Hardware_Interface.c: In function 'SPI_AGHW_Receive':
../Core/Hardware_Interface/Hardware_Interface.c:29:1: warning: control reaches end of non-void function [-Wreturn-type]
 }
 ^
../Core/Hardware_Interface/Hardware_Interface.c: In function 'SPI_AGHW_TransmitReceive':
../Core/Hardware_Interface/Hardware_Interface.c:38:1: warning: control reaches end of non-void function [-Wreturn-type]
 }
 ^
make: *** [Core/Hardware_Interface/subdir.mk:18: Core/Hardware_Interface/Hardware_Interface.o] Error 1
make: *** Waiting for unfinished jobs....
"make -j16 all" terminated with exit code 2. Build might be incomplete.
19:46:37 **** Incremental Build of configuration Debug for project SPI_DRV8301 ****
make -j16 all 
arm-none-eabi-gcc "../Core/Hardware_Interface/Hardware_Interface.c" -mcpu=cortex-m3 -std=gnu11 -g3 -DUSE_HAL_DRIVER -DSTM32F103x6 -DDEBUG -c -I../Core/Inc -I../Drivers/STM32F1xx_HAL_Driver/Inc -I../Drivers/STM32F1xx_HAL_Driver/Inc/Legacy -I../Drivers/CMSIS/Device/ST/STM32F1xx/Include -I../Drivers/CMSIS/Include -O0 -ffunction-sections -fdata-sections -Wall -fstack-usage -MMD -MP -MF"Core/Hardware_Interface/Hardware_Interface.d" -MT"Core/Hardware_Interface/Hardware_Interface.o" --specs=nano.specs -mfloat-abi=soft -mthumb -o "Core/Hardware_Interface/Hardware_Interface.o"
../Core/Hardware_Interface/Hardware_Interface.c:14:24: error: conflicting types for 'SPI_AGHW_Transmit'
 SPI_AGHW_StatusTypeDef SPI_AGHW_Transmit(uint16_t *pData, uint16_t Size, uint32_t Timeout) {
                        ^~~~~~~~~~~~~~~~~
In file included from ../Core/Hardware_Interface/Hardware_Interface.c:8:0:
../Core/Hardware_Interface/hardware_interface.h:24:24: note: previous declaration of 'SPI_AGHW_Transmit' was here
 SPI_AGHW_StatusTypeDef SPI_AGHW_Transmit(SPI_HandleTypeDef *hspi, uint16_t *pData, uint16_t Size, uint32_t Timeout);
                        ^~~~~~~~~~~~~~~~~
../Core/Hardware_Interface/Hardware_Interface.c: In function 'SPI_AGHW_Transmit':
../Core/Hardware_Interface/Hardware_Interface.c:15:26: error: incompatible type for argument 1 of 'HAL_SPI_Transmit'
     if (HAL_SPI_Transmit(hspi, (uint8_t *)pData, Size, Timeout) == HAL_OK) {
                          ^~~~
In file included from ../Core/Inc/stm32f1xx_hal_conf.h:329:0,
                 from ../Drivers/STM32F1xx_HAL_Driver/Inc/stm32f1xx_hal.h:30,
                 from ../Core/Hardware_Interface/hardware_interface.h:11,
                 from ../Core/Hardware_Interface/Hardware_Interface.c:8:
../Drivers/STM32F1xx_HAL_Driver/Inc/stm32f1xx_hal_spi.h:671:19: note: expected 'SPI_HandleTypeDef * {aka struct __SPI_HandleTypeDef *}' but argument is of type 'SPI_HandleTypeDef {aka struct __SPI_HandleTypeDef}'
 HAL_StatusTypeDef HAL_SPI_Transmit(SPI_HandleTypeDef *hspi, uint8_t *pData, uint16_t Size, uint32_t Timeout);
                   ^~~~~~~~~~~~~~~~
../Core/Hardware_Interface/Hardware_Interface.c: At top level:
../Core/Hardware_Interface/Hardware_Interface.c:23:24: error: conflicting types for 'SPI_AGHW_Receive'
 SPI_AGHW_StatusTypeDef SPI_AGHW_Receive( uint16_t *pData, uint16_t Size, uint32_t Timeout) {
                        ^~~~~~~~~~~~~~~~
In file included from ../Core/Hardware_Interface/Hardware_Interface.c:8:0:
../Core/Hardware_Interface/hardware_interface.h:25:24: note: previous declaration of 'SPI_AGHW_Receive' was here
 SPI_AGHW_StatusTypeDef SPI_AGHW_Receive(SPI_HandleTypeDef *hspi, uint16_t *pData, uint16_t Size, uint32_t Timeout);
                        ^~~~~~~~~~~~~~~~
../Core/Hardware_Interface/Hardware_Interface.c: In function 'SPI_AGHW_Receive':
../Core/Hardware_Interface/Hardware_Interface.c:24:25: error: incompatible type for argument 1 of 'HAL_SPI_Receive'
     if (HAL_SPI_Receive(hspi, (uint8_t *)pData, Size, Timeout) == HAL_OK) {
                         ^~~~
In file included from ../Core/Inc/stm32f1xx_hal_conf.h:329:0,
                 from ../Drivers/STM32F1xx_HAL_Driver/Inc/stm32f1xx_hal.h:30,
                 from ../Core/Hardware_Interface/hardware_interface.h:11,
                 from ../Core/Hardware_Interface/Hardware_Interface.c:8:
../Drivers/STM32F1xx_HAL_Driver/Inc/stm32f1xx_hal_spi.h:672:19: note: expected 'SPI_HandleTypeDef * {aka struct __SPI_HandleTypeDef *}' but argument is of type 'SPI_HandleTypeDef {aka struct __SPI_HandleTypeDef}'
 HAL_StatusTypeDef HAL_SPI_Receive(SPI_HandleTypeDef *hspi, uint8_t *pData, uint16_t Size, uint32_t Timeout);
                   ^~~~~~~~~~~~~~~
../Core/Hardware_Interface/Hardware_Interface.c: At top level:
../Core/Hardware_Interface/Hardware_Interface.c:32:24: error: conflicting types for 'SPI_AGHW_TransmitReceive'
 SPI_AGHW_StatusTypeDef SPI_AGHW_TransmitReceive( uint16_t *pTxData, uint16_t *pRxData, uint16_t Size, uint32_t Timeout) {
                        ^~~~~~~~~~~~~~~~~~~~~~~~
In file included from ../Core/Hardware_Interface/Hardware_Interface.c:8:0:
../Core/Hardware_Interface/hardware_interface.h:26:24: note: previous declaration of 'SPI_AGHW_TransmitReceive' was here
 SPI_AGHW_StatusTypeDef SPI_AGHW_TransmitReceive(SPI_HandleTypeDef *hspi, uint16_t *pTxData, uint16_t *pRxData, uint16_t Size, uint32_t Timeout);
                        ^~~~~~~~~~~~~~~~~~~~~~~~
../Core/Hardware_Interface/Hardware_Interface.c: In function 'SPI_AGHW_TransmitReceive':
../Core/Hardware_Interface/Hardware_Interface.c:33:33: error: incompatible type for argument 1 of 'HAL_SPI_TransmitReceive'
     if (HAL_SPI_TransmitReceive(hspi, (uint8_t *)pTxData, (uint8_t *)pRxData, Size, Timeout) == HAL_OK) {
                                 ^~~~
In file included from ../Core/Inc/stm32f1xx_hal_conf.h:329:0,
                 from ../Drivers/STM32F1xx_HAL_Driver/Inc/stm32f1xx_hal.h:30,
                 from ../Core/Hardware_Interface/hardware_interface.h:11,
                 from ../Core/Hardware_Interface/Hardware_Interface.c:8:
../Drivers/STM32F1xx_HAL_Driver/Inc/stm32f1xx_hal_spi.h:673:19: note: expected 'SPI_HandleTypeDef * {aka struct __SPI_HandleTypeDef *}' but argument is of type 'SPI_HandleTypeDef {aka struct __SPI_HandleTypeDef}'
 HAL_StatusTypeDef HAL_SPI_TransmitReceive(SPI_HandleTypeDef *hspi, uint8_t *pTxData, uint8_t *pRxData, uint16_t Size,
                   ^~~~~~~~~~~~~~~~~~~~~~~
../Core/Hardware_Interface/Hardware_Interface.c: In function 'SPI_AGHW_Transmit':
../Core/Hardware_Interface/Hardware_Interface.c:20:1: warning: control reaches end of non-void function [-Wreturn-type]
 }
 ^
../Core/Hardware_Interface/Hardware_Interface.c: In function 'SPI_AGHW_Receive':
../Core/Hardware_Interface/Hardware_Interface.c:29:1: warning: control reaches end of non-void function [-Wreturn-type]
 }
 ^
../Core/Hardware_Interface/Hardware_Interface.c: In function 'SPI_AGHW_TransmitReceive':
../Core/Hardware_Interface/Hardware_Interface.c:38:1: warning: control reaches end of non-void function [-Wreturn-type]
 }
 ^
make: *** [Core/Hardware_Interface/subdir.mk:18: Core/Hardware_Interface/Hardware_Interface.o] Error 1
"make -j16 all" terminated with exit code 2. Build might be incomplete.
19:47:31 **** Incremental Build of configuration Debug for project SPI_DRV8301 ****
make -j16 all 
arm-none-eabi-gcc "../Core/Src/main.c" -mcpu=cortex-m3 -std=gnu11 -g3 -DUSE_HAL_DRIVER -DSTM32F103x6 -DDEBUG -c -I../Core/Inc -I../Drivers/STM32F1xx_HAL_Driver/Inc -I../Drivers/STM32F1xx_HAL_Driver/Inc/Legacy -I../Drivers/CMSIS/Device/ST/STM32F1xx/Include -I../Drivers/CMSIS/Include -O0 -ffunction-sections -fdata-sections -Wall -fstack-usage -MMD -MP -MF"Core/Src/main.d" -MT"Core/Src/main.o" --specs=nano.specs -mfloat-abi=soft -mthumb -o "Core/Src/main.o"
arm-none-eabi-gcc "../Core/Hardware_Interface/Hardware_Interface.c" -mcpu=cortex-m3 -std=gnu11 -g3 -DUSE_HAL_DRIVER -DSTM32F103x6 -DDEBUG -c -I../Core/Inc -I../Drivers/STM32F1xx_HAL_Driver/Inc -I../Drivers/STM32F1xx_HAL_Driver/Inc/Legacy -I../Drivers/CMSIS/Device/ST/STM32F1xx/Include -I../Drivers/CMSIS/Include -O0 -ffunction-sections -fdata-sections -Wall -fstack-usage -MMD -MP -MF"Core/Hardware_Interface/Hardware_Interface.d" -MT"Core/Hardware_Interface/Hardware_Interface.o" --specs=nano.specs -mfloat-abi=soft -mthumb -o "Core/Hardware_Interface/Hardware_Interface.o"
../Core/Src/main.c: In function 'main':
../Core/Src/main.c:30:11: warning: variable 'readData' set but not used [-Wunused-but-set-variable]
  uint16_t readData = 0;
           ^~~~~~~~
../Core/Hardware_Interface/Hardware_Interface.c:14:24: error: conflicting types for 'SPI_AGHW_Transmit'
 SPI_AGHW_StatusTypeDef SPI_AGHW_Transmit(uint16_t *pData, uint16_t Size, uint32_t Timeout) {
                        ^~~~~~~~~~~~~~~~~
In file included from ../Core/Hardware_Interface/Hardware_Interface.c:8:0:
../Core/Hardware_Interface/hardware_interface.h:24:24: note: previous declaration of 'SPI_AGHW_Transmit' was here
 SPI_AGHW_StatusTypeDef SPI_AGHW_Transmit(SPI_HandleTypeDef *hspi, uint16_t *pData, uint16_t Size, uint32_t Timeout);
                        ^~~~~~~~~~~~~~~~~
../Core/Hardware_Interface/Hardware_Interface.c: In function 'SPI_AGHW_Transmit':
../Core/Hardware_Interface/Hardware_Interface.c:15:26: error: incompatible type for argument 1 of 'HAL_SPI_Transmit'
     if (HAL_SPI_Transmit(hspi1, (uint8_t *)pData, Size, Timeout) == HAL_OK) {
                          ^~~~~
In file included from ../Core/Inc/stm32f1xx_hal_conf.h:329:0,
                 from ../Drivers/STM32F1xx_HAL_Driver/Inc/stm32f1xx_hal.h:30,
                 from ../Core/Hardware_Interface/hardware_interface.h:11,
                 from ../Core/Hardware_Interface/Hardware_Interface.c:8:
../Drivers/STM32F1xx_HAL_Driver/Inc/stm32f1xx_hal_spi.h:671:19: note: expected 'SPI_HandleTypeDef * {aka struct __SPI_HandleTypeDef *}' but argument is of type 'SPI_HandleTypeDef {aka struct __SPI_HandleTypeDef}'
 HAL_StatusTypeDef HAL_SPI_Transmit(SPI_HandleTypeDef *hspi, uint8_t *pData, uint16_t Size, uint32_t Timeout);
                   ^~~~~~~~~~~~~~~~
../Core/Hardware_Interface/Hardware_Interface.c: At top level:
../Core/Hardware_Interface/Hardware_Interface.c:23:24: error: conflicting types for 'SPI_AGHW_Receive'
 SPI_AGHW_StatusTypeDef SPI_AGHW_Receive( uint16_t *pData, uint16_t Size, uint32_t Timeout) {
                        ^~~~~~~~~~~~~~~~
In file included from ../Core/Hardware_Interface/Hardware_Interface.c:8:0:
../Core/Hardware_Interface/hardware_interface.h:25:24: note: previous declaration of 'SPI_AGHW_Receive' was here
 SPI_AGHW_StatusTypeDef SPI_AGHW_Receive(SPI_HandleTypeDef *hspi, uint16_t *pData, uint16_t Size, uint32_t Timeout);
                        ^~~~~~~~~~~~~~~~
../Core/Hardware_Interface/Hardware_Interface.c: In function 'SPI_AGHW_Receive':
../Core/Hardware_Interface/Hardware_Interface.c:24:25: error: incompatible type for argument 1 of 'HAL_SPI_Receive'
     if (HAL_SPI_Receive(hspi1, (uint8_t *)pData, Size, Timeout) == HAL_OK) {
                         ^~~~~
In file included from ../Core/Inc/stm32f1xx_hal_conf.h:329:0,
                 from ../Drivers/STM32F1xx_HAL_Driver/Inc/stm32f1xx_hal.h:30,
                 from ../Core/Hardware_Interface/hardware_interface.h:11,
                 from ../Core/Hardware_Interface/Hardware_Interface.c:8:
../Drivers/STM32F1xx_HAL_Driver/Inc/stm32f1xx_hal_spi.h:672:19: note: expected 'SPI_HandleTypeDef * {aka struct __SPI_HandleTypeDef *}' but argument is of type 'SPI_HandleTypeDef {aka struct __SPI_HandleTypeDef}'
 HAL_StatusTypeDef HAL_SPI_Receive(SPI_HandleTypeDef *hspi, uint8_t *pData, uint16_t Size, uint32_t Timeout);
                   ^~~~~~~~~~~~~~~
../Core/Hardware_Interface/Hardware_Interface.c: At top level:
../Core/Hardware_Interface/Hardware_Interface.c:32:24: error: conflicting types for 'SPI_AGHW_TransmitReceive'
 SPI_AGHW_StatusTypeDef SPI_AGHW_TransmitReceive( uint16_t *pTxData, uint16_t *pRxData, uint16_t Size, uint32_t Timeout) {
                        ^~~~~~~~~~~~~~~~~~~~~~~~
In file included from ../Core/Hardware_Interface/Hardware_Interface.c:8:0:
../Core/Hardware_Interface/hardware_interface.h:26:24: note: previous declaration of 'SPI_AGHW_TransmitReceive' was here
 SPI_AGHW_StatusTypeDef SPI_AGHW_TransmitReceive(SPI_HandleTypeDef *hspi, uint16_t *pTxData, uint16_t *pRxData, uint16_t Size, uint32_t Timeout);
                        ^~~~~~~~~~~~~~~~~~~~~~~~
../Core/Hardware_Interface/Hardware_Interface.c: In function 'SPI_AGHW_TransmitReceive':
../Core/Hardware_Interface/Hardware_Interface.c:33:33: error: incompatible type for argument 1 of 'HAL_SPI_TransmitReceive'
     if (HAL_SPI_TransmitReceive(hspi1, (uint8_t *)pTxData, (uint8_t *)pRxData, Size, Timeout) == HAL_OK) {
                                 ^~~~~
In file included from ../Core/Inc/stm32f1xx_hal_conf.h:329:0,
                 from ../Drivers/STM32F1xx_HAL_Driver/Inc/stm32f1xx_hal.h:30,
                 from ../Core/Hardware_Interface/hardware_interface.h:11,
                 from ../Core/Hardware_Interface/Hardware_Interface.c:8:
../Drivers/STM32F1xx_HAL_Driver/Inc/stm32f1xx_hal_spi.h:673:19: note: expected 'SPI_HandleTypeDef * {aka struct __SPI_HandleTypeDef *}' but argument is of type 'SPI_HandleTypeDef {aka struct __SPI_HandleTypeDef}'
 HAL_StatusTypeDef HAL_SPI_TransmitReceive(SPI_HandleTypeDef *hspi, uint8_t *pTxData, uint8_t *pRxData, uint16_t Size,
                   ^~~~~~~~~~~~~~~~~~~~~~~
../Core/Hardware_Interface/Hardware_Interface.c: In function 'SPI_AGHW_Transmit':
../Core/Hardware_Interface/Hardware_Interface.c:20:1: warning: control reaches end of non-void function [-Wreturn-type]
 }
 ^
../Core/Hardware_Interface/Hardware_Interface.c: In function 'SPI_AGHW_Receive':
../Core/Hardware_Interface/Hardware_Interface.c:29:1: warning: control reaches end of non-void function [-Wreturn-type]
 }
 ^
../Core/Hardware_Interface/Hardware_Interface.c: In function 'SPI_AGHW_TransmitReceive':
../Core/Hardware_Interface/Hardware_Interface.c:38:1: warning: control reaches end of non-void function [-Wreturn-type]
 }
 ^
make: *** [Core/Hardware_Interface/subdir.mk:18: Core/Hardware_Interface/Hardware_Interface.o] Error 1
make: *** Waiting for unfinished jobs....
"make -j16 all" terminated with exit code 2. Build might be incomplete.
19:48:04 **** Incremental Build of configuration Debug for project SPI_DRV8301 ****
make -j16 all 
arm-none-eabi-gcc "../Core/Hardware_Interface/Hardware_Interface.c" -mcpu=cortex-m3 -std=gnu11 -g3 -DUSE_HAL_DRIVER -DSTM32F103x6 -DDEBUG -c -I../Core/Inc -I../Drivers/STM32F1xx_HAL_Driver/Inc -I../Drivers/STM32F1xx_HAL_Driver/Inc/Legacy -I../Drivers/CMSIS/Device/ST/STM32F1xx/Include -I../Drivers/CMSIS/Include -O0 -ffunction-sections -fdata-sections -Wall -fstack-usage -MMD -MP -MF"Core/Hardware_Interface/Hardware_Interface.d" -MT"Core/Hardware_Interface/Hardware_Interface.o" --specs=nano.specs -mfloat-abi=soft -mthumb -o "Core/Hardware_Interface/Hardware_Interface.o"
../Core/Hardware_Interface/Hardware_Interface.c: In function 'SPI_AGHW_Transmit':
../Core/Hardware_Interface/Hardware_Interface.c:15:26: error: incompatible type for argument 1 of 'HAL_SPI_Transmit'
     if (HAL_SPI_Transmit(hspi1, (uint8_t *)pData, Size, Timeout) == HAL_OK) {
                          ^~~~~
In file included from ../Core/Inc/stm32f1xx_hal_conf.h:329:0,
                 from ../Drivers/STM32F1xx_HAL_Driver/Inc/stm32f1xx_hal.h:30,
                 from ../Core/Hardware_Interface/hardware_interface.h:11,
                 from ../Core/Hardware_Interface/Hardware_Interface.c:8:
../Drivers/STM32F1xx_HAL_Driver/Inc/stm32f1xx_hal_spi.h:671:19: note: expected 'SPI_HandleTypeDef * {aka struct __SPI_HandleTypeDef *}' but argument is of type 'SPI_HandleTypeDef {aka struct __SPI_HandleTypeDef}'
 HAL_StatusTypeDef HAL_SPI_Transmit(SPI_HandleTypeDef *hspi, uint8_t *pData, uint16_t Size, uint32_t Timeout);
                   ^~~~~~~~~~~~~~~~
../Core/Hardware_Interface/Hardware_Interface.c: In function 'SPI_AGHW_Receive':
../Core/Hardware_Interface/Hardware_Interface.c:24:25: error: incompatible type for argument 1 of 'HAL_SPI_Receive'
     if (HAL_SPI_Receive(hspi1, (uint8_t *)pData, Size, Timeout) == HAL_OK) {
                         ^~~~~
In file included from ../Core/Inc/stm32f1xx_hal_conf.h:329:0,
                 from ../Drivers/STM32F1xx_HAL_Driver/Inc/stm32f1xx_hal.h:30,
                 from ../Core/Hardware_Interface/hardware_interface.h:11,
                 from ../Core/Hardware_Interface/Hardware_Interface.c:8:
../Drivers/STM32F1xx_HAL_Driver/Inc/stm32f1xx_hal_spi.h:672:19: note: expected 'SPI_HandleTypeDef * {aka struct __SPI_HandleTypeDef *}' but argument is of type 'SPI_HandleTypeDef {aka struct __SPI_HandleTypeDef}'
 HAL_StatusTypeDef HAL_SPI_Receive(SPI_HandleTypeDef *hspi, uint8_t *pData, uint16_t Size, uint32_t Timeout);
                   ^~~~~~~~~~~~~~~
../Core/Hardware_Interface/Hardware_Interface.c: In function 'SPI_AGHW_TransmitReceive':
../Core/Hardware_Interface/Hardware_Interface.c:33:33: error: incompatible type for argument 1 of 'HAL_SPI_TransmitReceive'
     if (HAL_SPI_TransmitReceive(hspi1, (uint8_t *)pTxData, (uint8_t *)pRxData, Size, Timeout) == HAL_OK) {
                                 ^~~~~
In file included from ../Core/Inc/stm32f1xx_hal_conf.h:329:0,
                 from ../Drivers/STM32F1xx_HAL_Driver/Inc/stm32f1xx_hal.h:30,
                 from ../Core/Hardware_Interface/hardware_interface.h:11,
                 from ../Core/Hardware_Interface/Hardware_Interface.c:8:
../Drivers/STM32F1xx_HAL_Driver/Inc/stm32f1xx_hal_spi.h:673:19: note: expected 'SPI_HandleTypeDef * {aka struct __SPI_HandleTypeDef *}' but argument is of type 'SPI_HandleTypeDef {aka struct __SPI_HandleTypeDef}'
 HAL_StatusTypeDef HAL_SPI_TransmitReceive(SPI_HandleTypeDef *hspi, uint8_t *pTxData, uint8_t *pRxData, uint16_t Size,
                   ^~~~~~~~~~~~~~~~~~~~~~~
../Core/Hardware_Interface/Hardware_Interface.c: In function 'SPI_AGHW_Transmit':
../Core/Hardware_Interface/Hardware_Interface.c:20:1: warning: control reaches end of non-void function [-Wreturn-type]
 }
 ^
../Core/Hardware_Interface/Hardware_Interface.c: In function 'SPI_AGHW_Receive':
../Core/Hardware_Interface/Hardware_Interface.c:29:1: warning: control reaches end of non-void function [-Wreturn-type]
 }
 ^
../Core/Hardware_Interface/Hardware_Interface.c: In function 'SPI_AGHW_TransmitReceive':
../Core/Hardware_Interface/Hardware_Interface.c:38:1: warning: control reaches end of non-void function [-Wreturn-type]
 }
 ^
make: *** [Core/Hardware_Interface/subdir.mk:18: Core/Hardware_Interface/Hardware_Interface.o] Error 1
"make -j16 all" terminated with exit code 2. Build might be incomplete.
19:48:25 **** Incremental Build of configuration Debug for project SPI_DRV8301 ****
make -j16 all 
arm-none-eabi-gcc "../Core/Hardware_Interface/Hardware_Interface.c" -mcpu=cortex-m3 -std=gnu11 -g3 -DUSE_HAL_DRIVER -DSTM32F103x6 -DDEBUG -c -I../Core/Inc -I../Drivers/STM32F1xx_HAL_Driver/Inc -I../Drivers/STM32F1xx_HAL_Driver/Inc/Legacy -I../Drivers/CMSIS/Device/ST/STM32F1xx/Include -I../Drivers/CMSIS/Include -O0 -ffunction-sections -fdata-sections -Wall -fstack-usage -MMD -MP -MF"Core/Hardware_Interface/Hardware_Interface.d" -MT"Core/Hardware_Interface/Hardware_Interface.o" --specs=nano.specs -mfloat-abi=soft -mthumb -o "Core/Hardware_Interface/Hardware_Interface.o"
arm-none-eabi-gcc -o "SPI_DRV8301.elf" @"objects.list"   -mcpu=cortex-m3 -T"C:\Users\MARIO\OneDrive\Desktop\Graduation\SPI\SPI_DRV8301\STM32F103C6TX_FLASH.ld" --specs=nosys.specs -Wl,-Map="SPI_DRV8301.map" -Wl,--gc-sections -static --specs=nano.specs -mfloat-abi=soft -mthumb -Wl,--start-group -lc -lm -Wl,--end-group
Finished building target: SPI_DRV8301.elf
 
arm-none-eabi-objdump -h -S  SPI_DRV8301.elf  > "SPI_DRV8301.list"
arm-none-eabi-objcopy  -O binary  SPI_DRV8301.elf  "SPI_DRV8301.bin"
arm-none-eabi-size   SPI_DRV8301.elf 
   text	   data	    bss	    dec	    hex	filename
   7020	     20	   1676	   8716	   220c	SPI_DRV8301.elf
Finished building: default.size.stdout
 
Finished building: SPI_DRV8301.list
Finished building: SPI_DRV8301.bin
 
 
19:59:03 **** Incremental Build of configuration Debug for project SPI_DRV8301 ****
make -j16 all 
arm-none-eabi-gcc "../Drivers/Device_Drivers/DRV8301/DRV8301.c" -mcpu=cortex-m3 -std=gnu11 -g3 -DUSE_HAL_DRIVER -DSTM32F103x6 -DDEBUG -c -I../Core/Inc -I../Drivers/STM32F1xx_HAL_Driver/Inc -I../Drivers/STM32F1xx_HAL_Driver/Inc/Legacy -I../Drivers/CMSIS/Device/ST/STM32F1xx/Include -I../Drivers/CMSIS/Include -O0 -ffunction-sections -fdata-sections -Wall -fstack-usage -MMD -MP -MF"Drivers/Device_Drivers/DRV8301/DRV8301.d" -MT"Drivers/Device_Drivers/DRV8301/DRV8301.o" --specs=nano.specs -mfloat-abi=soft -mthumb -o "Drivers/Device_Drivers/DRV8301/DRV8301.o"
arm-none-eabi-gcc "../Core/Hardware_Interface/Hardware_Interface.c" -mcpu=cortex-m3 -std=gnu11 -g3 -DUSE_HAL_DRIVER -DSTM32F103x6 -DDEBUG -c -I../Core/Inc -I../Drivers/STM32F1xx_HAL_Driver/Inc -I../Drivers/STM32F1xx_HAL_Driver/Inc/Legacy -I../Drivers/CMSIS/Device/ST/STM32F1xx/Include -I../Drivers/CMSIS/Include -O0 -ffunction-sections -fdata-sections -Wall -fstack-usage -MMD -MP -MF"Core/Hardware_Interface/Hardware_Interface.d" -MT"Core/Hardware_Interface/Hardware_Interface.o" --specs=nano.specs -mfloat-abi=soft -mthumb -o "Core/Hardware_Interface/Hardware_Interface.o"
In file included from ../Drivers/Device_Drivers/DRV8301/DRV8301.c:8:0:
../Drivers/Device_Drivers/DRV8301/DRV8301.h:27:43: error: unknown type name 'GPIO_PinState'
   uint8_t (*GPIO_AGHW)(uint16_t GPIO_Pin, GPIO_PinState PinState);
                                           ^~~~~~~~~~~~~
../Drivers/Device_Drivers/DRV8301/DRV8301.h:29:2: warning: no semicolon at end of struct or union
  }Agonistic_HardwareInterface_t;
  ^
../Drivers/Device_Drivers/DRV8301/DRV8301.c: In function 'DRV8301_Write':
../Drivers/Device_Drivers/DRV8301/DRV8301.c:14:13: error: 'DRV' redeclared as different kind of symbol
  drv8301_t *DRV;
             ^~~
../Drivers/Device_Drivers/DRV8301/DRV8301.c:12:31: note: previous definition of 'DRV' was here
 void DRV8301_Write(drv8301_t *DRV,uint16_t address, uint16_t data)
                               ^~~
../Drivers/Device_Drivers/DRV8301/DRV8301.c:25:2: error: 'struct <anonymous>' has no member named 'HAL_SPI_Transmit'; did you mean 'SPI_AGHW_Transmit'?
  HAL_SPI_Transmit(&hspi1, (uint8_t *)&txData, 1, HAL_MAX_DELAY);
  ^~~~~~~~~~~~~~~~
  SPI_AGHW_Transmit
../Drivers/Device_Drivers/DRV8301/DRV8301.c:25:20: error: 'hspi1' undeclared (first use in this function)
  HAL_SPI_Transmit(&hspi1, (uint8_t *)&txData, 1, HAL_MAX_DELAY);
                    ^~~~~
../Drivers/Device_Drivers/DRV8301/DRV8301.c:25:20: note: each undeclared identifier is reported only once for each function it appears in
../Drivers/Device_Drivers/DRV8301/DRV8301.c:25:39: error: 'txData' undeclared (first use in this function); did you mean 'data'?
  HAL_SPI_Transmit(&hspi1, (uint8_t *)&txData, 1, HAL_MAX_DELAY);
                                       ^~~~~~
                                       data
../Drivers/Device_Drivers/DRV8301/DRV8301.c:25:50: error: 'HAL_MAX_DELAY' undeclared (first use in this function)
  HAL_SPI_Transmit(&hspi1, (uint8_t *)&txData, 1, HAL_MAX_DELAY);
                                                  ^~~~~~~~~~~~~
../Drivers/Device_Drivers/DRV8301/DRV8301.c:28:2: warning: implicit declaration of function 'HAL_GPIO_WritePin' [-Wimplicit-function-declaration]
  HAL_GPIO_WritePin(GPIOA, GPIO_PIN_4, GPIO_PIN_SET);//to STOP SPI TRANSMIT
  ^~~~~~~~~~~~~~~~~
../Drivers/Device_Drivers/DRV8301/DRV8301.c:28:20: error: 'GPIOA' undeclared (first use in this function)
  HAL_GPIO_WritePin(GPIOA, GPIO_PIN_4, GPIO_PIN_SET);//to STOP SPI TRANSMIT
                    ^~~~~
../Drivers/Device_Drivers/DRV8301/DRV8301.c:28:27: error: 'GPIO_PIN_4' undeclared (first use in this function)
  HAL_GPIO_WritePin(GPIOA, GPIO_PIN_4, GPIO_PIN_SET);//to STOP SPI TRANSMIT
                           ^~~~~~~~~~
../Drivers/Device_Drivers/DRV8301/DRV8301.c:28:39: error: 'GPIO_PIN_SET' undeclared (first use in this function); did you mean 'GPIO_PIN_4'?
  HAL_GPIO_WritePin(GPIOA, GPIO_PIN_4, GPIO_PIN_SET);//to STOP SPI TRANSMIT
                                       ^~~~~~~~~~~~
                                       GPIO_PIN_4
make: *** [Drivers/Device_Drivers/DRV8301/subdir.mk:18: Drivers/Device_Drivers/DRV8301/DRV8301.o] Error 1
make: *** Waiting for unfinished jobs....
../Core/Hardware_Interface/Hardware_Interface.c: In function 'GPIO_AGHW_WritePin':
../Core/Hardware_Interface/Hardware_Interface.c:42:23: error: 'GPIOx' undeclared (first use in this function); did you mean 'GPIOD'?
     HAL_GPIO_WritePin(GPIOx, GPIO_Pin, PinState);
                       ^~~~~
                       GPIOD
../Core/Hardware_Interface/Hardware_Interface.c:42:23: note: each undeclared identifier is reported only once for each function it appears in
make: *** [Core/Hardware_Interface/subdir.mk:18: Core/Hardware_Interface/Hardware_Interface.o] Error 1
"make -j16 all" terminated with exit code 2. Build might be incomplete.
20:01:10 **** Incremental Build of configuration Debug for project SPI_DRV8301 ****
make -j16 all 
arm-none-eabi-gcc "../Drivers/Device_Drivers/DRV8301/DRV8301.c" -mcpu=cortex-m3 -std=gnu11 -g3 -DUSE_HAL_DRIVER -DSTM32F103x6 -DDEBUG -c -I../Core/Inc -I../Drivers/STM32F1xx_HAL_Driver/Inc -I../Drivers/STM32F1xx_HAL_Driver/Inc/Legacy -I../Drivers/CMSIS/Device/ST/STM32F1xx/Include -I../Drivers/CMSIS/Include -O0 -ffunction-sections -fdata-sections -Wall -fstack-usage -MMD -MP -MF"Drivers/Device_Drivers/DRV8301/DRV8301.d" -MT"Drivers/Device_Drivers/DRV8301/DRV8301.o" --specs=nano.specs -mfloat-abi=soft -mthumb -o "Drivers/Device_Drivers/DRV8301/DRV8301.o"
arm-none-eabi-gcc "../Core/Hardware_Interface/Hardware_Interface.c" -mcpu=cortex-m3 -std=gnu11 -g3 -DUSE_HAL_DRIVER -DSTM32F103x6 -DDEBUG -c -I../Core/Inc -I../Drivers/STM32F1xx_HAL_Driver/Inc -I../Drivers/STM32F1xx_HAL_Driver/Inc/Legacy -I../Drivers/CMSIS/Device/ST/STM32F1xx/Include -I../Drivers/CMSIS/Include -O0 -ffunction-sections -fdata-sections -Wall -fstack-usage -MMD -MP -MF"Core/Hardware_Interface/Hardware_Interface.d" -MT"Core/Hardware_Interface/Hardware_Interface.o" --specs=nano.specs -mfloat-abi=soft -mthumb -o "Core/Hardware_Interface/Hardware_Interface.o"
In file included from ../Drivers/Device_Drivers/DRV8301/DRV8301.c:8:0:
../Drivers/Device_Drivers/DRV8301/DRV8301.h:27:43: error: unknown type name 'GPIO_PinState'
   uint8_t (*GPIO_AGHW)(uint16_t GPIO_Pin, GPIO_PinState PinState);
                                           ^~~~~~~~~~~~~
../Drivers/Device_Drivers/DRV8301/DRV8301.h:29:2: warning: no semicolon at end of struct or union
  }Agonistic_HardwareInterface_t;
  ^
../Drivers/Device_Drivers/DRV8301/DRV8301.c: In function 'DRV8301_Write':
../Drivers/Device_Drivers/DRV8301/DRV8301.c:14:13: error: 'DRV' redeclared as different kind of symbol
  drv8301_t *DRV;
             ^~~
../Drivers/Device_Drivers/DRV8301/DRV8301.c:12:31: note: previous definition of 'DRV' was here
 void DRV8301_Write(drv8301_t *DRV,uint16_t address, uint16_t data)
                               ^~~
../Drivers/Device_Drivers/DRV8301/DRV8301.c:23:36: error: 'struct <anonymous>' has no member named 'GPIO_AGHW'
  DRV->Agonistic_HardwareInterface_t.GPIO_AGHW
                                    ^
../Drivers/Device_Drivers/DRV8301/DRV8301.c:25:2: error: expected ';' before 'HAL_SPI_Transmit'
  HAL_SPI_Transmit(&hspi1, (uint8_t *)&txData, 1, HAL_MAX_DELAY);
  ^~~~~~~~~~~~~~~~
../Drivers/Device_Drivers/DRV8301/DRV8301.c:28:2: warning: implicit declaration of function 'HAL_GPIO_WritePin' [-Wimplicit-function-declaration]
  HAL_GPIO_WritePin(GPIOA, GPIO_PIN_4, GPIO_PIN_SET);//to STOP SPI TRANSMIT
  ^~~~~~~~~~~~~~~~~
../Drivers/Device_Drivers/DRV8301/DRV8301.c:28:20: error: 'GPIOA' undeclared (first use in this function)
  HAL_GPIO_WritePin(GPIOA, GPIO_PIN_4, GPIO_PIN_SET);//to STOP SPI TRANSMIT
                    ^~~~~
../Drivers/Device_Drivers/DRV8301/DRV8301.c:28:20: note: each undeclared identifier is reported only once for each function it appears in
../Drivers/Device_Drivers/DRV8301/DRV8301.c:28:27: error: 'GPIO_PIN_4' undeclared (first use in this function)
  HAL_GPIO_WritePin(GPIOA, GPIO_PIN_4, GPIO_PIN_SET);//to STOP SPI TRANSMIT
                           ^~~~~~~~~~
../Drivers/Device_Drivers/DRV8301/DRV8301.c:28:39: error: 'GPIO_PIN_SET' undeclared (first use in this function); did you mean 'GPIO_PIN_4'?
  HAL_GPIO_WritePin(GPIOA, GPIO_PIN_4, GPIO_PIN_SET);//to STOP SPI TRANSMIT
                                       ^~~~~~~~~~~~
                                       GPIO_PIN_4
make: *** [Drivers/Device_Drivers/DRV8301/subdir.mk:18: Drivers/Device_Drivers/DRV8301/DRV8301.o] Error 1
make: *** Waiting for unfinished jobs....
"make -j16 all" terminated with exit code 2. Build might be incomplete.
20:03:35 **** Incremental Build of configuration Debug for project SPI_DRV8301 ****
make -j16 all 
arm-none-eabi-gcc "../Drivers/Device_Drivers/DRV8301/DRV8301.c" -mcpu=cortex-m3 -std=gnu11 -g3 -DUSE_HAL_DRIVER -DSTM32F103x6 -DDEBUG -c -I../Core/Inc -I../Drivers/STM32F1xx_HAL_Driver/Inc -I../Drivers/STM32F1xx_HAL_Driver/Inc/Legacy -I../Drivers/CMSIS/Device/ST/STM32F1xx/Include -I../Drivers/CMSIS/Include -O0 -ffunction-sections -fdata-sections -Wall -fstack-usage -MMD -MP -MF"Drivers/Device_Drivers/DRV8301/DRV8301.d" -MT"Drivers/Device_Drivers/DRV8301/DRV8301.o" --specs=nano.specs -mfloat-abi=soft -mthumb -o "Drivers/Device_Drivers/DRV8301/DRV8301.o"
In file included from ../Drivers/Device_Drivers/DRV8301/DRV8301.c:8:0:
../Drivers/Device_Drivers/DRV8301/DRV8301.h:27:43: error: unknown type name 'GPIO_PinState'
   uint8_t (*GPIO_AGHW)(uint16_t GPIO_Pin, GPIO_PinState PinState);
                                           ^~~~~~~~~~~~~
../Drivers/Device_Drivers/DRV8301/DRV8301.h:29:2: warning: no semicolon at end of struct or union
  }Agonistic_HardwareInterface_t;
  ^
../Drivers/Device_Drivers/DRV8301/DRV8301.c: In function 'DRV8301_Write':
../Drivers/Device_Drivers/DRV8301/DRV8301.c:14:13: error: 'DRV' redeclared as different kind of symbol
  drv8301_t *DRV;
             ^~~
../Drivers/Device_Drivers/DRV8301/DRV8301.c:12:31: note: previous definition of 'DRV' was here
 void DRV8301_Write(drv8301_t *DRV,uint16_t address, uint16_t data)
                               ^~~
../Drivers/Device_Drivers/DRV8301/DRV8301.c:23:36: error: 'struct <anonymous>' has no member named 'GPIO_AGHW'
  DRV->Agonistic_HardwareInterface_t.GPIO_AGHW (GPIO_PIN_4,GPIO_PIN_RESET);
                                    ^
../Drivers/Device_Drivers/DRV8301/DRV8301.c:23:48: error: 'GPIO_PIN_4' undeclared (first use in this function)
  DRV->Agonistic_HardwareInterface_t.GPIO_AGHW (GPIO_PIN_4,GPIO_PIN_RESET);
                                                ^~~~~~~~~~
../Drivers/Device_Drivers/DRV8301/DRV8301.c:23:48: note: each undeclared identifier is reported only once for each function it appears in
../Drivers/Device_Drivers/DRV8301/DRV8301.c:23:59: error: 'GPIO_PIN_RESET' undeclared (first use in this function); did you mean 'GPIO_PIN_4'?
  DRV->Agonistic_HardwareInterface_t.GPIO_AGHW (GPIO_PIN_4,GPIO_PIN_RESET);
                                                           ^~~~~~~~~~~~~~
                                                           GPIO_PIN_4
../Drivers/Device_Drivers/DRV8301/DRV8301.c:25:2: warning: implicit declaration of function 'HAL_SPI_Transmit' [-Wimplicit-function-declaration]
  HAL_SPI_Transmit(&hspi1, (uint8_t *)&txData, 1, HAL_MAX_DELAY);
  ^~~~~~~~~~~~~~~~
../Drivers/Device_Drivers/DRV8301/DRV8301.c:25:20: error: 'hspi1' undeclared (first use in this function)
  HAL_SPI_Transmit(&hspi1, (uint8_t *)&txData, 1, HAL_MAX_DELAY);
                    ^~~~~
../Drivers/Device_Drivers/DRV8301/DRV8301.c:25:39: error: 'txData' undeclared (first use in this function); did you mean 'data'?
  HAL_SPI_Transmit(&hspi1, (uint8_t *)&txData, 1, HAL_MAX_DELAY);
                                       ^~~~~~
                                       data
../Drivers/Device_Drivers/DRV8301/DRV8301.c:25:50: error: 'HAL_MAX_DELAY' undeclared (first use in this function)
  HAL_SPI_Transmit(&hspi1, (uint8_t *)&txData, 1, HAL_MAX_DELAY);
                                                  ^~~~~~~~~~~~~
../Drivers/Device_Drivers/DRV8301/DRV8301.c:28:2: warning: implicit declaration of function 'HAL_GPIO_WritePin' [-Wimplicit-function-declaration]
  HAL_GPIO_WritePin(GPIOA, GPIO_PIN_4, GPIO_PIN_SET);//to STOP SPI TRANSMIT
  ^~~~~~~~~~~~~~~~~
../Drivers/Device_Drivers/DRV8301/DRV8301.c:28:20: error: 'GPIOA' undeclared (first use in this function)
  HAL_GPIO_WritePin(GPIOA, GPIO_PIN_4, GPIO_PIN_SET);//to STOP SPI TRANSMIT
                    ^~~~~
../Drivers/Device_Drivers/DRV8301/DRV8301.c:28:39: error: 'GPIO_PIN_SET' undeclared (first use in this function); did you mean 'GPIO_PIN_RESET'?
  HAL_GPIO_WritePin(GPIOA, GPIO_PIN_4, GPIO_PIN_SET);//to STOP SPI TRANSMIT
                                       ^~~~~~~~~~~~
                                       GPIO_PIN_RESET
make: *** [Drivers/Device_Drivers/DRV8301/subdir.mk:18: Drivers/Device_Drivers/DRV8301/DRV8301.o] Error 1
"make -j16 all" terminated with exit code 2. Build might be incomplete.
20:03:48 **** Incremental Build of configuration Debug for project SPI_DRV8301 ****
make -j16 all 
arm-none-eabi-gcc "../Drivers/Device_Drivers/DRV8301/DRV8301.c" -mcpu=cortex-m3 -std=gnu11 -g3 -DUSE_HAL_DRIVER -DSTM32F103x6 -DDEBUG -c -I../Core/Inc -I../Drivers/STM32F1xx_HAL_Driver/Inc -I../Drivers/STM32F1xx_HAL_Driver/Inc/Legacy -I../Drivers/CMSIS/Device/ST/STM32F1xx/Include -I../Drivers/CMSIS/Include -O0 -ffunction-sections -fdata-sections -Wall -fstack-usage -MMD -MP -MF"Drivers/Device_Drivers/DRV8301/DRV8301.d" -MT"Drivers/Device_Drivers/DRV8301/DRV8301.o" --specs=nano.specs -mfloat-abi=soft -mthumb -o "Drivers/Device_Drivers/DRV8301/DRV8301.o"
In file included from ../Drivers/Device_Drivers/DRV8301/DRV8301.c:8:0:
../Drivers/Device_Drivers/DRV8301/DRV8301.h:27:43: error: unknown type name 'GPIO_PinState'
   uint8_t (*GPIO_AGHW)(uint16_t GPIO_Pin, GPIO_PinState PinState);
                                           ^~~~~~~~~~~~~
../Drivers/Device_Drivers/DRV8301/DRV8301.h:29:2: warning: no semicolon at end of struct or union
  }Agonistic_HardwareInterface_t;
  ^
../Drivers/Device_Drivers/DRV8301/DRV8301.c: In function 'DRV8301_Write':
../Drivers/Device_Drivers/DRV8301/DRV8301.c:14:13: error: 'DRV' redeclared as different kind of symbol
  drv8301_t *DRV;
             ^~~
../Drivers/Device_Drivers/DRV8301/DRV8301.c:12:31: note: previous definition of 'DRV' was here
 void DRV8301_Write(drv8301_t *DRV,uint16_t address, uint16_t data)
                               ^~~
../Drivers/Device_Drivers/DRV8301/DRV8301.c:23:36: error: 'struct <anonymous>' has no member named 'GPIO_AGHW'
  DRV->Agonistic_HardwareInterface_t.GPIO_AGHW (4,0);
                                    ^
../Drivers/Device_Drivers/DRV8301/DRV8301.c:25:2: warning: implicit declaration of function 'HAL_SPI_Transmit' [-Wimplicit-function-declaration]
  HAL_SPI_Transmit(&hspi1, (uint8_t *)&txData, 1, HAL_MAX_DELAY);
  ^~~~~~~~~~~~~~~~
../Drivers/Device_Drivers/DRV8301/DRV8301.c:25:20: error: 'hspi1' undeclared (first use in this function)
  HAL_SPI_Transmit(&hspi1, (uint8_t *)&txData, 1, HAL_MAX_DELAY);
                    ^~~~~
[...]
   return SPI_OK;
          ^~~~~~
../Core/Hardware_Interface/Hardware_Interface.c:14:6: note: declared here
 void SPI_AGHW_Transmit(uint8_t *pData,uint16_t size,uint32_t DELAY) {
      ^~~~~~~~~~~~~~~~~
../Core/Hardware_Interface/Hardware_Interface.c:18:10: warning: 'return' with a value, in function returning void
   return SPI_ERROR;
          ^~~~~~~~~
../Core/Hardware_Interface/Hardware_Interface.c:14:6: note: declared here
 void SPI_AGHW_Transmit(uint8_t *pData,uint16_t size,uint32_t DELAY) {
      ^~~~~~~~~~~~~~~~~
arm-none-eabi-gcc -o "SPI_DRV8301.elf" @"objects.list"   -mcpu=cortex-m3 -T"C:\Users\MARIO\OneDrive\Desktop\Graduation\SPI\SPI_DRV8301\STM32F103C6TX_FLASH.ld" --specs=nosys.specs -Wl,-Map="SPI_DRV8301.map" -Wl,--gc-sections -static --specs=nano.specs -mfloat-abi=soft -mthumb -Wl,--start-group -lc -lm -Wl,--end-group
Finished building target: SPI_DRV8301.elf
 
arm-none-eabi-objdump -h -S  SPI_DRV8301.elf  > "SPI_DRV8301.list"
arm-none-eabi-objcopy  -O binary  SPI_DRV8301.elf  "SPI_DRV8301.bin"
arm-none-eabi-size   SPI_DRV8301.elf 
   text	   data	    bss	    dec	    hex	filename
   7988	     48	   1672	   9708	   25ec	SPI_DRV8301.elf
Finished building: default.size.stdout
 
Finished building: SPI_DRV8301.list
Finished building: SPI_DRV8301.bin
 
 
13:37:26 **** Incremental Build of configuration Debug for project SPI_DRV8301 ****
make -j16 all 
arm-none-eabi-gcc "../Core/Hardware_Interface/Hardware_Interface.c" -mcpu=cortex-m3 -std=gnu11 -g3 -DUSE_HAL_DRIVER -DSTM32F103x6 -DDEBUG -c -I../Core/Inc -I../Drivers/STM32F1xx_HAL_Driver/Inc -I../Drivers/STM32F1xx_HAL_Driver/Inc/Legacy -I../Drivers/CMSIS/Device/ST/STM32F1xx/Include -I../Drivers/CMSIS/Include -O0 -ffunction-sections -fdata-sections -Wall -fstack-usage -MMD -MP -MF"Core/Hardware_Interface/Hardware_Interface.d" -MT"Core/Hardware_Interface/Hardware_Interface.o" --specs=nano.specs -mfloat-abi=soft -mthumb -o "Core/Hardware_Interface/Hardware_Interface.o"
../Core/Hardware_Interface/Hardware_Interface.c: In function 'SPI_AGHW_Receive':
../Core/Hardware_Interface/Hardware_Interface.c:23:1: error: expected ';' before '}' token
 }
 ^
../Core/Hardware_Interface/Hardware_Interface.c:23:1: warning: control reaches end of non-void function [-Wreturn-type]
 }
 ^
../Core/Hardware_Interface/Hardware_Interface.c: In function 'SPI_AGHW_TransmitReceive':
../Core/Hardware_Interface/Hardware_Interface.c:30:1: warning: control reaches end of non-void function [-Wreturn-type]
 }
 ^
make: *** [Core/Hardware_Interface/subdir.mk:18: Core/Hardware_Interface/Hardware_Interface.o] Error 1
"make -j16 all" terminated with exit code 2. Build might be incomplete.
13:37:35 **** Incremental Build of configuration Debug for project SPI_DRV8301 ****
make -j16 all 
arm-none-eabi-gcc "../Core/Hardware_Interface/Hardware_Interface.c" -mcpu=cortex-m3 -std=gnu11 -g3 -DUSE_HAL_DRIVER -DSTM32F103x6 -DDEBUG -c -I../Core/Inc -I../Drivers/STM32F1xx_HAL_Driver/Inc -I../Drivers/STM32F1xx_HAL_Driver/Inc/Legacy -I../Drivers/CMSIS/Device/ST/STM32F1xx/Include -I../Drivers/CMSIS/Include -O0 -ffunction-sections -fdata-sections -Wall -fstack-usage -MMD -MP -MF"Core/Hardware_Interface/Hardware_Interface.d" -MT"Core/Hardware_Interface/Hardware_Interface.o" --specs=nano.specs -mfloat-abi=soft -mthumb -o "Core/Hardware_Interface/Hardware_Interface.o"
../Core/Hardware_Interface/Hardware_Interface.c: In function 'SPI_AGHW_Receive':
../Core/Hardware_Interface/Hardware_Interface.c:23:1: warning: control reaches end of non-void function [-Wreturn-type]
 }
 ^
../Core/Hardware_Interface/Hardware_Interface.c: In function 'SPI_AGHW_TransmitReceive':
../Core/Hardware_Interface/Hardware_Interface.c:30:1: warning: control reaches end of non-void function [-Wreturn-type]
 }
 ^
arm-none-eabi-gcc -o "SPI_DRV8301.elf" @"objects.list"   -mcpu=cortex-m3 -T"C:\Users\MARIO\OneDrive\Desktop\Graduation\SPI\SPI_DRV8301\STM32F103C6TX_FLASH.ld" --specs=nosys.specs -Wl,-Map="SPI_DRV8301.map" -Wl,--gc-sections -static --specs=nano.specs -mfloat-abi=soft -mthumb -Wl,--start-group -lc -lm -Wl,--end-group
Finished building target: SPI_DRV8301.elf
 
arm-none-eabi-objdump -h -S  SPI_DRV8301.elf  > "SPI_DRV8301.list"
arm-none-eabi-objcopy  -O binary  SPI_DRV8301.elf  "SPI_DRV8301.bin"
arm-none-eabi-size   SPI_DRV8301.elf 
   text	   data	    bss	    dec	    hex	filename
   7960	     48	   1672	   9680	   25d0	SPI_DRV8301.elf
Finished building: default.size.stdout
 
Finished building: SPI_DRV8301.list
Finished building: SPI_DRV8301.bin
 
 
13:37:54 **** Incremental Build of configuration Debug for project SPI_DRV8301 ****
make -j16 all 
arm-none-eabi-gcc "../Core/Hardware_Interface/Hardware_Interface.c" -mcpu=cortex-m3 -std=gnu11 -g3 -DUSE_HAL_DRIVER -DSTM32F103x6 -DDEBUG -c -I../Core/Inc -I../Drivers/STM32F1xx_HAL_Driver/Inc -I../Drivers/STM32F1xx_HAL_Driver/Inc/Legacy -I../Drivers/CMSIS/Device/ST/STM32F1xx/Include -I../Drivers/CMSIS/Include -O0 -ffunction-sections -fdata-sections -Wall -fstack-usage -MMD -MP -MF"Core/Hardware_Interface/Hardware_Interface.d" -MT"Core/Hardware_Interface/Hardware_Interface.o" --specs=nano.specs -mfloat-abi=soft -mthumb -o "Core/Hardware_Interface/Hardware_Interface.o"
arm-none-eabi-gcc -o "SPI_DRV8301.elf" @"objects.list"   -mcpu=cortex-m3 -T"C:\Users\MARIO\OneDrive\Desktop\Graduation\SPI\SPI_DRV8301\STM32F103C6TX_FLASH.ld" --specs=nosys.specs -Wl,-Map="SPI_DRV8301.map" -Wl,--gc-sections -static --specs=nano.specs -mfloat-abi=soft -mthumb -Wl,--start-group -lc -lm -Wl,--end-group
Finished building target: SPI_DRV8301.elf
 
arm-none-eabi-objdump -h -S  SPI_DRV8301.elf  > "SPI_DRV8301.list"
arm-none-eabi-objcopy  -O binary  SPI_DRV8301.elf  "SPI_DRV8301.bin"
arm-none-eabi-size   SPI_DRV8301.elf 
   text	   data	    bss	    dec	    hex	filename
   7968	     48	   1672	   9688	   25d8	SPI_DRV8301.elf
Finished building: default.size.stdout
 
Finished building: SPI_DRV8301.list
Finished building: SPI_DRV8301.bin
 
 
13:38:08 **** Incremental Build of configuration Debug for project SPI_DRV8301 ****
make -j16 all 
arm-none-eabi-size   SPI_DRV8301.elf 
   text	   data	    bss	    dec	    hex	filename
   7968	     48	   1672	   9688	   25d8	SPI_DRV8301.elf
Finished building: default.size.stdout
 
13:52:07 **** Incremental Build of configuration Debug for project SPI_DRV8301 ****
make -j16 all 
arm-none-eabi-gcc "../Drivers/Device_Drivers/DRV8301/DRV8301.c" -mcpu=cortex-m3 -std=gnu11 -g3 -DUSE_HAL_DRIVER -DSTM32F103x6 -DDEBUG -c -I../Core/Inc -I../Drivers/STM32F1xx_HAL_Driver/Inc -I../Drivers/STM32F1xx_HAL_Driver/Inc/Legacy -I../Drivers/CMSIS/Device/ST/STM32F1xx/Include -I../Drivers/CMSIS/Include -O0 -ffunction-sections -fdata-sections -Wall -fstack-usage -MMD -MP -MF"Drivers/Device_Drivers/DRV8301/DRV8301.d" -MT"Drivers/Device_Drivers/DRV8301/DRV8301.o" --specs=nano.specs -mfloat-abi=soft -mthumb -o "Drivers/Device_Drivers/DRV8301/DRV8301.o"
arm-none-eabi-gcc "../Core/Src/main.c" -mcpu=cortex-m3 -std=gnu11 -g3 -DUSE_HAL_DRIVER -DSTM32F103x6 -DDEBUG -c -I../Core/Inc -I../Drivers/STM32F1xx_HAL_Driver/Inc -I../Drivers/STM32F1xx_HAL_Driver/Inc/Legacy -I../Drivers/CMSIS/Device/ST/STM32F1xx/Include -I../Drivers/CMSIS/Include -O0 -ffunction-sections -fdata-sections -Wall -fstack-usage -MMD -MP -MF"Core/Src/main.d" -MT"Core/Src/main.o" --specs=nano.specs -mfloat-abi=soft -mthumb -o "Core/Src/main.o"
arm-none-eabi-gcc "../Core/Src/stm32f1xx_hal_msp.c" -mcpu=cortex-m3 -std=gnu11 -g3 -DUSE_HAL_DRIVER -DSTM32F103x6 -DDEBUG -c -I../Core/Inc -I../Drivers/STM32F1xx_HAL_Driver/Inc -I../Drivers/STM32F1xx_HAL_Driver/Inc/Legacy -I../Drivers/CMSIS/Device/ST/STM32F1xx/Include -I../Drivers/CMSIS/Include -O0 -ffunction-sections -fdata-sections -Wall -fstack-usage -MMD -MP -MF"Core/Src/stm32f1xx_hal_msp.d" -MT"Core/Src/stm32f1xx_hal_msp.o" --specs=nano.specs -mfloat-abi=soft -mthumb -o "Core/Src/stm32f1xx_hal_msp.o"
arm-none-eabi-gcc "../Core/Src/stm32f1xx_it.c" -mcpu=cortex-m3 -std=gnu11 -g3 -DUSE_HAL_DRIVER -DSTM32F103x6 -DDEBUG -c -I../Core/Inc -I../Drivers/STM32F1xx_HAL_Driver/Inc -I../Drivers/STM32F1xx_HAL_Driver/Inc/Legacy -I../Drivers/CMSIS/Device/ST/STM32F1xx/Include -I../Drivers/CMSIS/Include -O0 -ffunction-sections -fdata-sections -Wall -fstack-usage -MMD -MP -MF"Core/Src/stm32f1xx_it.d" -MT"Core/Src/stm32f1xx_it.o" --specs=nano.specs -mfloat-abi=soft -mthumb -o "Core/Src/stm32f1xx_it.o"
../Core/Src/main.c: In function 'main':
../Core/Src/main.c:43:11: warning: variable 'readData' set but not used [-Wunused-but-set-variable]
  uint16_t readData = 0;
           ^~~~~~~~
arm-none-eabi-gcc -o "SPI_DRV8301.elf" @"objects.list"   -mcpu=cortex-m3 -T"C:\Users\MARIO\OneDrive\Desktop\Graduation\SPI\SPI_DRV8301\STM32F103C6TX_FLASH.ld" --specs=nosys.specs -Wl,-Map="SPI_DRV8301.map" -Wl,--gc-sections -static --specs=nano.specs -mfloat-abi=soft -mthumb -Wl,--start-group -lc -lm -Wl,--end-group
Finished building target: SPI_DRV8301.elf
 
arm-none-eabi-objdump -h -S  SPI_DRV8301.elf  > "SPI_DRV8301.list"
arm-none-eabi-objcopy  -O binary  SPI_DRV8301.elf  "SPI_DRV8301.bin"
arm-none-eabi-size   SPI_DRV8301.elf 
   text	   data	    bss	    dec	    hex	filename
   7968	     48	   1672	   9688	   25d8	SPI_DRV8301.elf
Finished building: default.size.stdout
 
Finished building: SPI_DRV8301.list
Finished building: SPI_DRV8301.bin
 
 
11:05:18 **** Incremental Build of configuration Debug for project SPI_DRV8301 ****
make -j16 all 
arm-none-eabi-gcc "../Drivers/Device_Drivers/DRV8301/DRV8301.c" -mcpu=cortex-m3 -std=gnu11 -g3 -DUSE_HAL_DRIVER -DSTM32F103x6 -DDEBUG -c -I../Core/Inc -I../Drivers/STM32F1xx_HAL_Driver/Inc -I../Drivers/STM32F1xx_HAL_Driver/Inc/Legacy -I../Drivers/CMSIS/Device/ST/STM32F1xx/Include -I../Drivers/CMSIS/Include -O0 -ffunction-sections -fdata-sections -Wall -fstack-usage -MMD -MP -MF"Drivers/Device_Drivers/DRV8301/DRV8301.d" -MT"Drivers/Device_Drivers/DRV8301/DRV8301.o" --specs=nano.specs -mfloat-abi=soft -mthumb -o "Drivers/Device_Drivers/DRV8301/DRV8301.o"
arm-none-eabi-gcc "../Core/Src/main.c" -mcpu=cortex-m3 -std=gnu11 -g3 -DUSE_HAL_DRIVER -DSTM32F103x6 -DDEBUG -c -I../Core/Inc -I../Drivers/STM32F1xx_HAL_Driver/Inc -I../Drivers/STM32F1xx_HAL_Driver/Inc/Legacy -I../Drivers/CMSIS/Device/ST/STM32F1xx/Include -I../Drivers/CMSIS/Include -O0 -ffunction-sections -fdata-sections -Wall -fstack-usage -MMD -MP -MF"Core/Src/main.d" -MT"Core/Src/main.o" --specs=nano.specs -mfloat-abi=soft -mthumb -o "Core/Src/main.o"
arm-none-eabi-gcc "../Core/Src/stm32f1xx_hal_msp.c" -mcpu=cortex-m3 -std=gnu11 -g3 -DUSE_HAL_DRIVER -DSTM32F103x6 -DDEBUG -c -I../Core/Inc -I../Drivers/STM32F1xx_HAL_Driver/Inc -I../Drivers/STM32F1xx_HAL_Driver/Inc/Legacy -I../Drivers/CMSIS/Device/ST/STM32F1xx/Include -I../Drivers/CMSIS/Include -O0 -ffunction-sections -fdata-sections -Wall -fstack-usage -MMD -MP -MF"Core/Src/stm32f1xx_hal_msp.d" -MT"Core/Src/stm32f1xx_hal_msp.o" --specs=nano.specs -mfloat-abi=soft -mthumb -o "Core/Src/stm32f1xx_hal_msp.o"
arm-none-eabi-gcc "../Core/Src/stm32f1xx_it.c" -mcpu=cortex-m3 -std=gnu11 -g3 -DUSE_HAL_DRIVER -DSTM32F103x6 -DDEBUG -c -I../Core/Inc -I../Drivers/STM32F1xx_HAL_Driver/Inc -I../Drivers/STM32F1xx_HAL_Driver/Inc/Legacy -I../Drivers/CMSIS/Device/ST/STM32F1xx/Include -I../Drivers/CMSIS/Include -O0 -ffunction-sections -fdata-sections -Wall -fstack-usage -MMD -MP -MF"Core/Src/stm32f1xx_it.d" -MT"Core/Src/stm32f1xx_it.o" --specs=nano.specs -mfloat-abi=soft -mthumb -o "Core/Src/stm32f1xx_it.o"
../Drivers/Device_Drivers/DRV8301/DRV8301.c: In function 'DRV8301_Write':
../Drivers/Device_Drivers/DRV8301/DRV8301.c:18:9: error: 'drv8301_t {aka struct <anonymous>}' has no member named 'uint16_t'
      DRV->
         ^~
../Drivers/Device_Drivers/DRV8301/DRV8301.c:20:14: error: expected ';' before 'Tx_Data'
     uint16_t Tx_Data = (((DRV->address) & 0x7F) << 11) | (data & 0x07FF);
              ^~~~~~~
../Drivers/Device_Drivers/DRV8301/DRV8301.c:24:34: error: 'Tx_Data' undeclared (first use in this function)
     Tx_Data_8bit[0] = (uint8_t)((Tx_Data >> 8) & 0xFF); // Higher 8 bits
                                  ^~~~~~~
../Drivers/Device_Drivers/DRV8301/DRV8301.c:24:34: note: each undeclared identifier is reported only once for each function it appears in
make: *** [Drivers/Device_Drivers/DRV8301/subdir.mk:18: Drivers/Device_Drivers/DRV8301/DRV8301.o] Error 1
make: *** Waiting for unfinished jobs....
../Core/Src/main.c: In function 'main':
../Core/Src/main.c:43:11: warning: variable 'readData' set but not used [-Wunused-but-set-variable]
  uint16_t readData = 0;
           ^~~~~~~~
"make -j16 all" terminated with exit code 2. Build might be incomplete.
11:07:21 **** Incremental Build of configuration Debug for project SPI_DRV8301 ****
make -j16 all 
arm-none-eabi-gcc "../Drivers/Device_Drivers/DRV8301/DRV8301.c" -mcpu=cortex-m3 -std=gnu11 -g3 -DUSE_HAL_DRIVER -DSTM32F103x6 -DDEBUG -c -I../Core/Inc -I../Drivers/STM32F1xx_HAL_Driver/Inc -I../Drivers/STM32F1xx_HAL_Driver/Inc/Legacy -I../Drivers/CMSIS/Device/ST/STM32F1xx/Include -I../Drivers/CMSIS/Include -O0 -ffunction-sections -fdata-sections -Wall -fstack-usage -MMD -MP -MF"Drivers/Device_Drivers/DRV8301/DRV8301.d" -MT"Drivers/Device_Drivers/DRV8301/DRV8301.o" --specs=nano.specs -mfloat-abi=soft -mthumb -o "Drivers/Device_Drivers/DRV8301/DRV8301.o"
arm-none-eabi-gcc "../Core/Src/main.c" -mcpu=cortex-m3 -std=gnu11 -g3 -DUSE_HAL_DRIVER -DSTM32F103x6 -DDEBUG -c -I../Core/Inc -I../Drivers/STM32F1xx_HAL_Driver/Inc -I../Drivers/STM32F1xx_HAL_Driver/Inc/Legacy -I../Drivers/CMSIS/Device/ST/STM32F1xx/Include -I../Drivers/CMSIS/Include -O0 -ffunction-sections -fdata-sections -Wall -fstack-usage -MMD -MP -MF"Core/Src/main.d" -MT"Core/Src/main.o" --specs=nano.specs -mfloat-abi=soft -mthumb -o "Core/Src/main.o"
arm-none-eabi-gcc "../Core/Src/stm32f1xx_hal_msp.c" -mcpu=cortex-m3 -std=gnu11 -g3 -DUSE_HAL_DRIVER -DSTM32F103x6 -DDEBUG -c -I../Core/Inc -I../Drivers/STM32F1xx_HAL_Driver/Inc -I../Drivers/STM32F1xx_HAL_Driver/Inc/Legacy -I../Drivers/CMSIS/Device/ST/STM32F1xx/Include -I../Drivers/CMSIS/Include -O0 -ffunction-sections -fdata-sections -Wall -fstack-usage -MMD -MP -MF"Core/Src/stm32f1xx_hal_msp.d" -MT"Core/Src/stm32f1xx_hal_msp.o" --specs=nano.specs -mfloat-abi=soft -mthumb -o "Core/Src/stm32f1xx_hal_msp.o"
arm-none-eabi-gcc "../Core/Src/stm32f1xx_it.c" -mcpu=cortex-m3 -std=gnu11 -g3 -DUSE_HAL_DRIVER -DSTM32F103x6 -DDEBUG -c -I../Core/Inc -I../Drivers/STM32F1xx_HAL_Driver/Inc -I../Drivers/STM32F1xx_HAL_Driver/Inc/Legacy -I../Drivers/CMSIS/Device/ST/STM32F1xx/Include -I../Drivers/CMSIS/Include -O0 -ffunction-sections -fdata-sections -Wall -fstack-usage -MMD -MP -MF"Core/Src/stm32f1xx_it.d" -MT"Core/Src/stm32f1xx_it.o" --specs=nano.specs -mfloat-abi=soft -mthumb -o "Core/Src/stm32f1xx_it.o"
../Core/Src/main.c: In function 'main':
../Core/Src/main.c:43:11: warning: variable 'readData' set but not used [-Wunused-but-set-variable]
  uint16_t readData = 0;
           ^~~~~~~~
arm-none-eabi-gcc -o "SPI_DRV8301.elf" @"objects.list"   -mcpu=cortex-m3 -T"C:\Users\MARIO\OneDrive\Desktop\Graduation\SPI\SPI_DRV8301\STM32F103C6TX_FLASH.ld" --specs=nosys.specs -Wl,-Map="SPI_DRV8301.map" -Wl,--gc-sections -static --specs=nano.specs -mfloat-abi=soft -mthumb -Wl,--start-group -lc -lm -Wl,--end-group
Finished building target: SPI_DRV8301.elf
 
arm-none-eabi-objdump -h -S  SPI_DRV8301.elf  > "SPI_DRV8301.list"
arm-none-eabi-objcopy  -O binary  SPI_DRV8301.elf  "SPI_DRV8301.bin"
arm-none-eabi-size   SPI_DRV8301.elf 
   text	   data	    bss	    dec	    hex	filename
   7984	     48	   1672	   9704	   25e8	SPI_DRV8301.elf
Finished building: default.size.stdout
 
Finished building: SPI_DRV8301.list
Finished building: SPI_DRV8301.bin
 
 
11:14:28 **** Incremental Build of configuration Debug for project SPI_DRV8301 ****
make -j16 all 
arm-none-eabi-gcc "../Drivers/Device_Drivers/DRV8301/DRV8301.c" -mcpu=cortex-m3 -std=gnu11 -g3 -DUSE_HAL_DRIVER -DSTM32F103x6 -DDEBUG -c -I../Core/Inc -I../Drivers/STM32F1xx_HAL_Driver/Inc -I../Drivers/STM32F1xx_HAL_Driver/Inc/Legacy -I../Drivers/CMSIS/Device/ST/STM32F1xx/Include -I../Drivers/CMSIS/Include -O0 -ffunction-sections -fdata-sections -Wall -fstack-usage -MMD -MP -MF"Drivers/Device_Drivers/DRV8301/DRV8301.d" -MT"Drivers/Device_Drivers/DRV8301/DRV8301.o" --specs=nano.specs -mfloat-abi=soft -mthumb -o "Drivers/Device_Drivers/DRV8301/DRV8301.o"
arm-none-eabi-gcc "../Core/Src/main.c" -mcpu=cortex-m3 -std=gnu11 -g3 -DUSE_HAL_DRIVER -DSTM32F103x6 -DDEBUG -c -I../Core/Inc -I../Drivers/STM32F1xx_HAL_Driver/Inc -I../Drivers/STM32F1xx_HAL_Driver/Inc/Legacy -I../Drivers/CMSIS/Device/ST/STM32F1xx/Include -I../Drivers/CMSIS/Include -O0 -ffunction-sections -fdata-sections -Wall -fstack-usage -MMD -MP -MF"Core/Src/main.d" -MT"Core/Src/main.o" --specs=nano.specs -mfloat-abi=soft -mthumb -o "Core/Src/main.o"
arm-none-eabi-gcc "../Core/Src/stm32f1xx_hal_msp.c" -mcpu=cortex-m3 -std=gnu11 -g3 -DUSE_HAL_DRIVER -DSTM32F103x6 -DDEBUG -c -I../Core/Inc -I../Drivers/STM32F1xx_HAL_Driver/Inc -I../Drivers/STM32F1xx_HAL_Driver/Inc/Legacy -I../Drivers/CMSIS/Device/ST/STM32F1xx/Include -I../Drivers/CMSIS/Include -O0 -ffunction-sections -fdata-sections -Wall -fstack-usage -MMD -MP -MF"Core/Src/stm32f1xx_hal_msp.d" -MT"Core/Src/stm32f1xx_hal_msp.o" --specs=nano.specs -mfloat-abi=soft -mthumb -o "Core/Src/stm32f1xx_hal_msp.o"
arm-none-eabi-gcc "../Core/Src/stm32f1xx_it.c" -mcpu=cortex-m3 -std=gnu11 -g3 -DUSE_HAL_DRIVER -DSTM32F103x6 -DDEBUG -c -I../Core/Inc -I../Drivers/STM32F1xx_HAL_Driver/Inc -I../Drivers/STM32F1xx_HAL_Driver/Inc/Legacy -I../Drivers/CMSIS/Device/ST/STM32F1xx/Include -I../Drivers/CMSIS/Include -O0 -ffunction-sections -fdata-sections -Wall -fstack-usage -MMD -MP -MF"Core/Src/stm32f1xx_it.d" -MT"Core/Src/stm32f1xx_it.o" --specs=nano.specs -mfloat-abi=soft -mthumb -o "Core/Src/stm32f1xx_it.o"
../Drivers/Device_Drivers/DRV8301/DRV8301.c: In function 'DRV8301_Read':
../Drivers/Device_Drivers/DRV8301/DRV8301.c:43:31: error: 'address' undeclared (first use in this function)
     uint16_t Read_Command = ((address & 0x7F) << 11) | 0x8000;
                               ^~~~~~~
../Drivers/Device_Drivers/DRV8301/DRV8301.c:43:31: note: each undeclared identifier is reported only once for each function it appears in
make: *** [Drivers/Device_Drivers/DRV8301/subdir.mk:18: Drivers/Device_Drivers/DRV8301/DRV8301.o] Error 1
make: *** Waiting for unfinished jobs....
../Core/Src/main.c: In function 'main':
../Core/Src/main.c:43:11: warning: variable 'readData' set but not used [-Wunused-but-set-variable]
  uint16_t readData = 0;
           ^~~~~~~~
"make -j16 all" terminated with exit code 2. Build might be incomplete.
11:14:47 **** Incremental Build of configuration Debug for project SPI_DRV8301 ****
make -j16 all 
arm-none-eabi-gcc "../Drivers/Device_Drivers/DRV8301/DRV8301.c" -mcpu=cortex-m3 -std=gnu11 -g3 -DUSE_HAL_DRIVER -DSTM32F103x6 -DDEBUG -c -I../Core/Inc -I../Drivers/STM32F1xx_HAL_Driver/Inc -I../Drivers/STM32F1xx_HAL_Driver/Inc/Legacy -I../Drivers/CMSIS/Device/ST/STM32F1xx/Include -I../Drivers/CMSIS/Include -O0 -ffunction-sections -fdata-sections -Wall -fstack-usage -MMD -MP -MF"Drivers/Device_Drivers/DRV8301/DRV8301.d" -MT"Drivers/Device_Drivers/DRV8301/DRV8301.o" --specs=nano.specs -mfloat-abi=soft -mthumb -o "Drivers/Device_Drivers/DRV8301/DRV8301.o"
arm-none-eabi-gcc -o "SPI_DRV8301.elf" @"objects.list"   -mcpu=cortex-m3 -T"C:\Users\MARIO\OneDrive\Desktop\Graduation\SPI\SPI_DRV8301\STM32F103C6TX_FLASH.ld" --specs=nosys.specs -Wl,-Map="SPI_DRV8301.map" -Wl,--gc-sections -static --specs=nano.specs -mfloat-abi=soft -mthumb -Wl,--start-group -lc -lm -Wl,--end-group
Finished building target: SPI_DRV8301.elf
 
arm-none-eabi-objdump -h -S  SPI_DRV8301.elf  > "SPI_DRV8301.list"
arm-none-eabi-objcopy  -O binary  SPI_DRV8301.elf  "SPI_DRV8301.bin"
arm-none-eabi-size   SPI_DRV8301.elf 
   text	   data	    bss	    dec	    hex	filename
   7968	     48	   1672	   9688	   25d8	SPI_DRV8301.elf
Finished building: default.size.stdout
 
Finished building: SPI_DRV8301.list
Finished building: SPI_DRV8301.bin
 
 
